Archive member included to satisfy reference by file (symbol)

D:/STM32CubeIDE_2.1.1/STM32CubeIDE/plugins/com.st.stm32cube.ide.mcu.externaltools.gnu-tools-for-stm32.14.3.rel1.win32_1.0.100.202602081740/tools/bin/../lib/gcc/arm-none-eabi/14.3.1/../../../../arm-none-eabi/lib/thumb/v7-m/nofp\libc_nano.a(libc_a-exit.o)
                              D:/STM32CubeIDE_2.1.1/STM32CubeIDE/plugins/com.st.stm32cube.ide.mcu.externaltools.gnu-tools-for-stm32.14.3.rel1.win32_1.0.100.202602081740/tools/bin/../lib/gcc/arm-none-eabi/14.3.1/../../../../arm-none-eabi/lib/thumb/v7-m/nofp/crt0.o (exit)
D:/STM32CubeIDE_2.1.1/STM32CubeIDE/plugins/com.st.stm32cube.ide.mcu.externaltools.gnu-tools-for-stm32.14.3.rel1.win32_1.0.100.202602081740/tools/bin/../lib/gcc/arm-none-eabi/14.3.1/../../../../arm-none-eabi/lib/thumb/v7-m/nofp\libc_nano.a(libc_a-findfp.o)
                              D:/STM32CubeIDE_2.1.1/STM32CubeIDE/plugins/com.st.stm32cube.ide.mcu.externaltools.gnu-tools-for-stm32.14.3.rel1.win32_1.0.100.202602081740/tools/bin/../lib/gcc/arm-none-eabi/14.3.1/../../../../arm-none-eabi/lib/thumb/v7-m/nofp\libc_nano.a(libc_a-exit.o) (__stdio_exit_handler)
D:/STM32CubeIDE_2.1.1/STM32CubeIDE/plugins/com.st.stm32cube.ide.mcu.externaltools.gnu-tools-for-stm32.14.3.rel1.win32_1.0.100.202602081740/tools/bin/../lib/gcc/arm-none-eabi/14.3.1/../../../../arm-none-eabi/lib/thumb/v7-m/nofp\libc_nano.a(libc_a-fwalk.o)
                              D:/STM32CubeIDE_2.1.1/STM32CubeIDE/plugins/com.st.stm32cube.ide.mcu.externaltools.gnu-tools-for-stm32.14.3.rel1.win32_1.0.100.202602081740/tools/bin/../lib/gcc/arm-none-eabi/14.3.1/../../../../arm-none-eabi/lib/thumb/v7-m/nofp\libc_nano.a(libc_a-findfp.o) (_fwalk_sglue)
D:/STM32CubeIDE_2.1.1/STM32CubeIDE/plugins/com.st.stm32cube.ide.mcu.externaltools.gnu-tools-for-stm32.14.3.rel1.win32_1.0.100.202602081740/tools/bin/../lib/gcc/arm-none-eabi/14.3.1/../../../../arm-none-eabi/lib/thumb/v7-m/nofp\libc_nano.a(libc_a-snprintf.o)
                              ./src/modules/uart_commander/uart_commander.o (snprintf)
D:/STM32CubeIDE_2.1.1/STM32CubeIDE/plugins/com.st.stm32cube.ide.mcu.externaltools.gnu-tools-for-stm32.14.3.rel1.win32_1.0.100.202602081740/tools/bin/../lib/gcc/arm-none-eabi/14.3.1/../../../../arm-none-eabi/lib/thumb/v7-m/nofp\libc_nano.a(libc_a-stdio.o)
                              D:/STM32CubeIDE_2.1.1/STM32CubeIDE/plugins/com.st.stm32cube.ide.mcu.externaltools.gnu-tools-for-stm32.14.3.rel1.win32_1.0.100.202602081740/tools/bin/../lib/gcc/arm-none-eabi/14.3.1/../../../../arm-none-eabi/lib/thumb/v7-m/nofp\libc_nano.a(libc_a-findfp.o) (__sread)
D:/STM32CubeIDE_2.1.1/STM32CubeIDE/plugins/com.st.stm32cube.ide.mcu.externaltools.gnu-tools-for-stm32.14.3.rel1.win32_1.0.100.202602081740/tools/bin/../lib/gcc/arm-none-eabi/14.3.1/../../../../arm-none-eabi/lib/thumb/v7-m/nofp\libc_nano.a(libc_a-memset.o)
                              D:/STM32CubeIDE_2.1.1/STM32CubeIDE/plugins/com.st.stm32cube.ide.mcu.externaltools.gnu-tools-for-stm32.14.3.rel1.win32_1.0.100.202602081740/tools/bin/../lib/gcc/arm-none-eabi/14.3.1/../../../../arm-none-eabi/lib/thumb/v7-m/nofp/crt0.o (memset)
D:/STM32CubeIDE_2.1.1/STM32CubeIDE/plugins/com.st.stm32cube.ide.mcu.externaltools.gnu-tools-for-stm32.14.3.rel1.win32_1.0.100.202602081740/tools/bin/../lib/gcc/arm-none-eabi/14.3.1/../../../../arm-none-eabi/lib/thumb/v7-m/nofp\libc_nano.a(libc_a-closer.o)
                              D:/STM32CubeIDE_2.1.1/STM32CubeIDE/plugins/com.st.stm32cube.ide.mcu.externaltools.gnu-tools-for-stm32.14.3.rel1.win32_1.0.100.202602081740/tools/bin/../lib/gcc/arm-none-eabi/14.3.1/../../../../arm-none-eabi/lib/thumb/v7-m/nofp\libc_nano.a(libc_a-stdio.o) (_close_r)
D:/STM32CubeIDE_2.1.1/STM32CubeIDE/plugins/com.st.stm32cube.ide.mcu.externaltools.gnu-tools-for-stm32.14.3.rel1.win32_1.0.100.202602081740/tools/bin/../lib/gcc/arm-none-eabi/14.3.1/../../../../arm-none-eabi/lib/thumb/v7-m/nofp\libc_nano.a(libc_a-reent.o)
                              D:/STM32CubeIDE_2.1.1/STM32CubeIDE/plugins/com.st.stm32cube.ide.mcu.externaltools.gnu-tools-for-stm32.14.3.rel1.win32_1.0.100.202602081740/tools/bin/../lib/gcc/arm-none-eabi/14.3.1/../../../../arm-none-eabi/lib/thumb/v7-m/nofp\libc_nano.a(libc_a-closer.o) (errno)
D:/STM32CubeIDE_2.1.1/STM32CubeIDE/plugins/com.st.stm32cube.ide.mcu.externaltools.gnu-tools-for-stm32.14.3.rel1.win32_1.0.100.202602081740/tools/bin/../lib/gcc/arm-none-eabi/14.3.1/../../../../arm-none-eabi/lib/thumb/v7-m/nofp\libc_nano.a(libc_a-impure.o)
                              D:/STM32CubeIDE_2.1.1/STM32CubeIDE/plugins/com.st.stm32cube.ide.mcu.externaltools.gnu-tools-for-stm32.14.3.rel1.win32_1.0.100.202602081740/tools/bin/../lib/gcc/arm-none-eabi/14.3.1/../../../../arm-none-eabi/lib/thumb/v7-m/nofp\libc_nano.a(libc_a-snprintf.o) (_impure_ptr)
[...]
Memory Configuration

Name             Origin             Length             Attributes
RAM              0x20000000         0x00005000         xrw
FLASH            0x08000000         0x00010000         xr
*default*        0x00000000         0xffffffff

Linker script and memory map

LOAD D:/STM32CubeIDE_2.1.1/STM32CubeIDE/plugins/com.st.stm32cube.ide.mcu.externaltools.gnu-tools-for-stm32.14.3.rel1.win32_1.0.100.202602081740/tools/bin/../lib/gcc/arm-none-eabi/14.3.1/thumb/v7-m/nofp/crti.o
LOAD D:/STM32CubeIDE_2.1.1/STM32CubeIDE/plugins/com.st.stm32cube.ide.mcu.externaltools.gnu-tools-for-stm32.14.3.rel1.win32_1.0.100.202602081740/tools/bin/../lib/gcc/arm-none-eabi/14.3.1/thumb/v7-m/nofp/crtbegin.o
LOAD D:/STM32CubeIDE_2.1.1/STM32CubeIDE/plugins/com.st.stm32cube.ide.mcu.externaltools.gnu-tools-for-stm32.14.3.rel1.win32_1.0.100.202602081740/tools/bin/../lib/gcc/arm-none-eabi/14.3.1/../../../../arm-none-eabi/lib/thumb/v7-m/nofp/crt0.o
LOAD ./Core/Src/main.o
LOAD ./Core/Src/stm32f1xx_hal_msp.o
LOAD ./Core/Src/stm32f1xx_it.o
LOAD ./Core/Src/syscalls.o
LOAD ./Core/Src/sysmem.o
LOAD ./Core/Src/system_stm32f1xx.o
LOAD ./Core/Startup/startup_stm32f103c8tx.o
LOAD ./Drivers/STM32F1xx_HAL_Driver/Src/stm32f1xx_hal.o
LOAD ./Drivers/STM32F1xx_HAL_Driver/Src/stm32f1xx_hal_cortex.o
LOAD ./Drivers/STM32F1xx_HAL_Driver/Src/stm32f1xx_hal_dma.o
LOAD ./Drivers/STM32F1xx_HAL_Driver/Src/stm32f1xx_hal_exti.o
LOAD ./Drivers/STM32F1xx_HAL_Driver/Src/stm32f1xx_hal_flash.o
LOAD ./Drivers/STM32F1xx_HAL_Driver/Src/stm32f1xx_hal_flash_ex.o
LOAD ./Drivers/STM32F1xx_HAL_Driver/Src/stm32f1xx_hal_gpio.o
LOAD ./Drivers/STM32F1xx_HAL_Driver/Src/stm32f1xx_hal_gpio_ex.o
LOAD ./Drivers/STM32F1xx_HAL_Driver/Src/stm32f1xx_hal_pwr.o
LOAD ./Drivers/STM32F1xx_HAL_Driver/Src/stm32f1xx_hal_rcc.o
LOAD ./Drivers/STM32F1xx_HAL_Driver/Src/stm32f1xx_hal_rcc_ex.o
LOAD ./Drivers/STM32F1xx_HAL_Driver/Src/stm32f1xx_hal_uart.o
LOAD ./platforms/hal/stm32_gpio.o
LOAD ./platforms/hal/stm32_uart.o
LOAD ./platforms/stm32/board_config.o
LOAD ./src/drivers/led/drv_led.o
LOAD ./src/drivers/uart/drv_uart.o
LOAD ./src/modules/led_blink/led_blink.o
LOAD ./src/modules/uart_commander/uart_commander.o
LOAD ./src/protocol/device_protocol/device_protocol.o
LOAD ./src/system/app_main.o
START GROUP
LOAD D:/STM32CubeIDE_2.1.1/STM32CubeIDE/plugins/com.st.stm32cube.ide.mcu.externaltools.gnu-tools-for-stm32.14.3.rel1.win32_1.0.100.202602081740/tools/bin/../lib/gcc/arm-none-eabi/14.3.1/../../../../arm-none-eabi/lib/thumb/v7-m/nofp\libc_nano.a
LOAD D:/STM32CubeIDE_2.1.1/STM32CubeIDE/plugins/com.st.stm32cube.ide.mcu.externaltools.gnu-tools-for-stm32.14.3.rel1.win32_1.0.100.202602081740/tools/bin/../lib/gcc/arm-none-eabi/14.3.1/../../../../arm-none-eabi/lib/thumb/v7-m/nofp\libm.a
END GROUP
START GROUP
LOAD D:/STM32CubeIDE_2.1.1/STM32CubeIDE/plugins/com.st.stm32cube.ide.mcu.externaltools.gnu-tools-for-stm32.14.3.rel1.win32_1.0.100.202602081740/tools/bin/../lib/gcc/arm-none-eabi/14.3.1/thumb/v7-m/nofp\libgcc.a
LOAD D:/STM32CubeIDE_2.1.1/STM32CubeIDE/plugins/com.st.stm32cube.ide.mcu.externaltools.gnu-tools-for-stm32.14.3.rel1.win32_1.0.100.202602081740/tools/bin/../lib/gcc/arm-none-eabi/14.3.1/../../../../arm-none-eabi/lib/thumb/v7-m/nofp\libc_nano.a
END GROUP
START GROUP
LOAD D:/STM32CubeIDE_2.1.1/STM32CubeIDE/plugins/com.st.stm32cube.ide.mcu.externaltools.gnu-tools-for-stm32.14.3.rel1.win32_1.0.100.202602081740/tools/bin/../lib/gcc/arm-none-eabi/14.3.1/thumb/v7-m/nofp\libgcc.a
LOAD D:/STM32CubeIDE_2.1.1/STM32CubeIDE/plugins/com.st.stm32cube.ide.mcu.externaltools.gnu-tools-for-stm32.14.3.rel1.win32_1.0.100.202602081740/tools/bin/../lib/gcc/arm-none-eabi/14.3.1/../../../../arm-none-eabi/lib/thumb/v7-m/nofp\libc_nano.a
LOAD D:/STM32CubeIDE_2.1.1/STM32CubeIDE/plugins/com.st.stm32cube.ide.mcu.externaltools.gnu-tools-for-stm32.14.3.rel1.win32_1.0.100.202602081740/tools/bin/../lib/gcc/arm-none-eabi/14.3.1/../../../../arm-none-eabi/lib/thumb/v7-m/nofp\libnosys.a
END GROUP
START GROUP
LOAD D:/STM32CubeIDE_2.1.1/STM32CubeIDE/plugins/com.st.stm32cube.ide.mcu.externaltools.gnu-tools-for-stm32.14.3.rel1.win32_1.0.100.202602081740/tools/bin/../lib/gcc/arm-none-eabi/14.3.1/thumb/v7-m/nofp\libgcc.a
LOAD D:/STM32CubeIDE_2.1.1/STM32CubeIDE/plugins/com.st.stm32cube.ide.mcu.externaltools.gnu-tools-for-stm32.14.3.rel1.win32_1.0.100.202602081740/tools/bin/../lib/gcc/arm-none-eabi/14.3.1/../../../../arm-none-eabi/lib/thumb/v7-m/nofp\libc_nano.a
LOAD D:/STM32CubeIDE_2.1.1/STM32CubeIDE/plugins/com.st.stm32cube.ide.mcu.externaltools.gnu-tools-for-stm32.14.3.rel1.win32_1.0.100.202602081740/tools/bin/../lib/gcc/arm-none-eabi/14.3.1/../../../../arm-none-eabi/lib/thumb/v7-m/nofp\libnosys.a
END GROUP
LOAD D:/STM32CubeIDE_2.1.1/STM32CubeIDE/plugins/com.st.stm32cube.ide.mcu.externaltools.gnu-tools-for-stm32.14.3.rel1.win32_1.0.100.202602081740/tools/bin/../lib/gcc/arm-none-eabi/14.3.1/thumb/v7-m/nofp/crtend.o
LOAD D:/STM32CubeIDE_2.1.1/STM32CubeIDE/plugins/com.st.stm32cube.ide.mcu.externaltools.gnu-tools-for-stm32.14.3.rel1.win32_1.0.100.202602081740/tools/bin/../lib/gcc/arm-none-eabi/14.3.1/thumb/v7-m/nofp/crtn.o
                0x20005000                        _estack = (ORIGIN (RAM) + LENGTH (RAM))
                0x00000200                        _Min_Heap_Size = 0x200
                0x00000400                        _Min_Stack_Size = 0x400

.isr_vector     0x08000000      0x10c
                0x08000000                        . = ALIGN (0x4)
 *(.isr_vector)
 .isr_vector    0x08000000      0x10c ./Core/Startup/startup_stm32f103c8tx.o
                0x08000000                g_pfnVectors
                0x0800010c                        . = ALIGN (0x4)

.text           0x0800010c     0x38fc
                0x0800010c                        . = ALIGN (0x4)
 *(.text)
 .text          0x0800010c       0x40 D:/STM32CubeIDE_2.1.1/STM32CubeIDE/plugins/com.st.stm32cube.ide.mcu.externaltools.gnu-tools-for-stm32.14.3.rel1.win32_1.0.100.202602081740/tools/bin/../lib/gcc/arm-none-eabi/14.3.1/thumb/v7-m/nofp/crtbegin.o
 .text          0x0800014c       0x10 D:/STM32CubeIDE_2.1.1/STM32CubeIDE/plugins/com.st.stm32cube.ide.mcu.externaltools.gnu-tools-for-stm32.14.3.rel1.win32_1.0.100.202602081740/tools/bin/../lib/gcc/arm-none-eabi/14.3.1/../../../../arm-none-eabi/lib/thumb/v7-m/nofp\libc_nano.a(libc_a-strlen.o)
                0x0800014c                strlen
 *(.text*)
 .text.main     0x0800015c       0x22 ./Core/Src/main.o
                0x0800015c                main
 .text.SystemClock_Config
                0x0800017e       0x76 ./Core/Src/main.o
                0x0800017e                SystemClock_Config
 .text.MX_USART1_UART_Init
                0x080001f4       0x54 ./Core/Src/main.o
 .text.MX_USART2_UART_Init
                0x08000248       0x54 ./Core/Src/main.o
 .text.MX_GPIO_Init
                0x0800029c       0x80 ./Core/Src/main.o
 .text.HAL_UART_RxCpltCallback
                0x0800031c       0x58 ./Core/Src/main.o
                0x0800031c                HAL_UART_RxCpltCallback
 .text.Error_Handler
                0x08000374        0xc ./Core/Src/main.o
                0x08000374                Error_Handler
 .text.HAL_MspInit
                0x08000380       0x64 ./Core/Src/stm32f1xx_hal_msp.o
                0x08000380                HAL_MspInit
 .text.HAL_UART_MspInit
                0x080003e4      0x128 ./Core/Src/stm32f1xx_hal_msp.o
                0x080003e4                HAL_UART_MspInit
 .text.NMI_Handler
                0x0800050c        0x8 ./Core/Src/stm32f1xx_it.o
                0x0800050c                NMI_Handler
 .text.HardFault_Handler
                0x08000514        0x8 ./Core/Src/stm32f1xx_it.o
                0x08000514                HardFault_Handler
 .text.MemManage_Handler
                0x0800051c        0x8 ./Core/Src/stm32f1xx_it.o
                0x0800051c                MemManage_Handler
 .text.BusFault_Handler
                0x08000524        0x8 ./Core/Src/stm32f1xx_it.o
                0x08000524                BusFault_Handler
 .text.UsageFault_Handler
                0x0800052c        0x8 ./Core/Src/stm32f1xx_it.o
                0x0800052c                UsageFault_Handler
 .text.SVC_Handler
                0x08000534        0xc ./Core/Src/stm32f1xx_it.o
                0x08000534                SVC_Handler
 .text.DebugMon_Handler
                0x08000540        0xc ./Core/Src/stm32f1xx_it.o
                0x08000540                DebugMon_Handler
 .text.PendSV_Handler
                0x0800054c        0xc ./Core/Src/stm32f1xx_it.o
                0x0800054c                PendSV_Handler
 .text.SysTick_Handler
                0x08000558        0xc ./Core/Src/stm32f1xx_it.o
                0x08000558                SysTick_Handler
 .text.USART1_IRQHandler
                0x08000564       0x14 ./Core/Src/stm32f1xx_it.o
                0x08000564                USART1_IRQHandler
 .text.USART2_IRQHandler
                0x08000578       0x14 ./Core/Src/stm32f1xx_it.o
                0x08000578                USART2_IRQHandler
 .text._sbrk    0x0800058c       0x6c ./Core/Src/sysmem.o
                0x0800058c                _sbrk
 .text.SystemInit
                0x080005f8        0xc ./Core/Src/system_stm32f1xx.o
                0x080005f8                SystemInit
 .text.Reset_Handler
                0x08000604       0x48 ./Core/Startup/startup_stm32f103c8tx.o
                0x08000604                Reset_Handler
 .text.Default_Handler
                0x0800064c        0x2 ./Core/Startup/startup_stm32f103c8tx.o
                0x0800064c                RTC_Alarm_IRQHandler
                0x0800064c                EXTI2_IRQHandler
                0x0800064c                TIM1_CC_IRQHandler
                0x0800064c                PVD_IRQHandler
                0x0800064c                EXTI3_IRQHandler
                0x0800064c                EXTI0_IRQHandler
                0x0800064c                I2C2_EV_IRQHandler
                0x0800064c                ADC1_2_IRQHandler
                0x0800064c                SPI1_IRQHandler
                0x0800064c                TAMPER_IRQHandler
                0x0800064c                DMA1_Channel4_IRQHandler
                0x0800064c                USART3_IRQHandler
                0x0800064c                RTC_IRQHandler
                0x0800064c                DMA1_Channel7_IRQHandler
                0x0800064c                CAN1_RX1_IRQHandler
                0x0800064c                TIM4_IRQHandler
                0x0800064c                I2C1_EV_IRQHandler
                0x0800064c                DMA1_Channel6_IRQHandler
                0x0800064c                TIM3_IRQHandler
                0x0800064c                RCC_IRQHandler
                0x0800064c                TIM1_TRG_COM_IRQHandler
                0x0800064c                DMA1_Channel1_IRQHandler
                0x0800064c                Default_Handler
                0x0800064c                EXTI15_10_IRQHandler
                0x0800064c                EXTI9_5_IRQHandler
                0x0800064c                SPI2_IRQHandler
                0x0800064c                DMA1_Channel5_IRQHandler
                0x0800064c                EXTI4_IRQHandler
                0x0800064c                USB_LP_CAN1_RX0_IRQHandler
                0x0800064c                USB_HP_CAN1_TX_IRQHandler
                0x0800064c                DMA1_Channel3_IRQHandler
                0x0800064c                TIM1_UP_IRQHandler
                0x0800064c                WWDG_IRQHandler
                0x0800064c                TIM2_IRQHandler
                0x0800064c                TIM1_BRK_IRQHandler
                0x0800064c                EXTI1_IRQHandler
                0x0800064c                I2C2_ER_IRQHandler
                0x0800064c                DMA1_Channel2_IRQHandler
                0x0800064c                CAN1_SCE_IRQHandler
                0x0800064c                FLASH_IRQHandler
                0x0800064c                I2C1_ER_IRQHandler
                0x0800064c                USBWakeUp_IRQHandler
 *fill*         0x0800064e        0x2 
 .text.HAL_Init
                0x08000650       0x2c ./Drivers/STM32F1xx_HAL_Driver/Src/stm32f1xx_hal.o
                0x08000650                HAL_Init
 .text.HAL_InitTick
                0x0800067c       0x60 ./Drivers/STM32F1xx_HAL_Driver/Src/stm32f1xx_hal.o
                0x0800067c                HAL_InitTick
 .text.HAL_IncTick
                0x080006dc       0x24 ./Drivers/STM32F1xx_HAL_Driver/Src/stm32f1xx_hal.o
                0x080006dc                HAL_IncTick
 .text.HAL_GetTick
                0x08000700       0x14 ./Drivers/STM32F1xx_HAL_Driver/Src/stm32f1xx_hal.o
                0x08000700                HAL_GetTick
 .text.__NVIC_SetPriorityGrouping
                0x08000714       0x48 ./Drivers/STM32F1xx_HAL_Driver/Src/stm32f1xx_hal_cortex.o
 .text.__NVIC_GetPriorityGrouping
                0x0800075c       0x1c ./Drivers/STM32F1xx_HAL_Driver/Src/stm32f1xx_hal_cortex.o
 .text.__NVIC_EnableIRQ
                0x08000778       0x38 ./Drivers/STM32F1xx_HAL_Driver/Src/stm32f1xx_hal_cortex.o
 .text.__NVIC_SetPriority
                0x080007b0       0x54 ./Drivers/STM32F1xx_HAL_Driver/Src/stm32f1xx_hal_cortex.o
 .text.NVIC_EncodePriority
                0x08000804       0x64 ./Drivers/STM32F1xx_HAL_Driver/Src/stm32f1xx_hal_cortex.o
 .text.SysTick_Config
                0x08000868       0x44 ./Drivers/STM32F1xx_HAL_Driver/Src/stm32f1xx_hal_cortex.o
 .text.HAL_NVIC_SetPriorityGrouping
                0x080008ac       0x16 ./Drivers/STM32F1xx_HAL_Driver/Src/stm32f1xx_hal_cortex.o
                0x080008ac                HAL_NVIC_SetPriorityGrouping
 .text.HAL_NVIC_SetPriority
                0x080008c2       0x38 ./Drivers/STM32F1xx_HAL_Driver/Src/stm32f1xx_hal_cortex.o
                0x080008c2                HAL_NVIC_SetPriority
 .text.HAL_NVIC_EnableIRQ
                0x080008fa       0x1c ./Drivers/STM32F1xx_HAL_Driver/Src/stm32f1xx_hal_cortex.o
                0x080008fa                HAL_NVIC_EnableIRQ
 .text.HAL_SYSTICK_Config
                0x08000916       0x18 ./Drivers/STM32F1xx_HAL_Driver/Src/stm32f1xx_hal_cortex.o
                0x08000916                HAL_SYSTICK_Config
 .text.HAL_DMA_Abort
                0x0800092e       0x76 ./Drivers/STM32F1xx_HAL_Driver/Src/stm32f1xx_hal_dma.o
                0x0800092e                HAL_DMA_Abort
 .text.HAL_DMA_Abort_IT
                0x080009a4       0xf0 ./Drivers/STM32F1xx_HAL_Driver/Src/stm32f1xx_hal_dma.o
                0x080009a4                HAL_DMA_Abort_IT
 .text.HAL_GPIO_Init
                0x08000a94      0x308 ./Drivers/STM32F1xx_HAL_Driver/Src/stm32f1xx_hal_gpio.o
                0x08000a94                HAL_GPIO_Init
 .text.HAL_GPIO_WritePin
                0x08000d9c       0x30 ./Drivers/STM32F1xx_HAL_Driver/Src/stm32f1xx_hal_gpio.o
                0x08000d9c                HAL_GPIO_WritePin
 .text.HAL_RCC_OscConfig
                0x08000dcc      0x504 ./Drivers/STM32F1xx_HAL_Driver/Src/stm32f1xx_hal_rcc.o
                0x08000dcc                HAL_RCC_OscConfig
 .text.HAL_RCC_ClockConfig
                0x080012d0      0x1d4 ./Drivers/STM32F1xx_HAL_Driver/Src/stm32f1xx_hal_rcc.o
                0x080012d0                HAL_RCC_ClockConfig
 .text.HAL_RCC_GetSysClockFreq
                0x080014a4       0xa8 ./Drivers/STM32F1xx_HAL_Driver/Src/stm32f1xx_hal_rcc.o
                0x080014a4                HAL_RCC_GetSysClockFreq
 .text.HAL_RCC_GetHCLKFreq
                0x0800154c       0x14 ./Drivers/STM32F1xx_HAL_Driver/Src/stm32f1xx_hal_rcc.o
                0x0800154c                HAL_RCC_GetHCLKFreq
 .text.HAL_RCC_GetPCLK1Freq
                0x08001560       0x28 ./Drivers/STM32F1xx_HAL_Driver/Src/stm32f1xx_hal_rcc.o
                0x08001560                HAL_RCC_GetPCLK1Freq
 .text.HAL_RCC_GetPCLK2Freq
                0x08001588       0x28 ./Drivers/STM32F1xx_HAL_Driver/Src/stm32f1xx_hal_rcc.o
                0x08001588                HAL_RCC_GetPCLK2Freq
 .text.RCC_Delay
                0x080015b0       0x3c ./Drivers/STM32F1xx_HAL_Driver/Src/stm32f1xx_hal_rcc.o
 .text.HAL_UART_Init
                0x080015ec       0xa0 ./Drivers/STM32F1xx_HAL_Driver/Src/stm32f1xx_hal_uart.o
                0x080015ec                HAL_UART_Init
 .text.HAL_UART_Transmit
                0x0800168c      0x116 ./Drivers/STM32F1xx_HAL_Driver/Src/stm32f1xx_hal_uart.o
                0x0800168c                HAL_UART_Transmit
 .text.HAL_UART_Receive_IT
                0x080017a2       0x4a ./Drivers/STM32F1xx_HAL_Driver/Src/stm32f1xx_hal_uart.o
                0x080017a2                HAL_UART_Receive_IT
 .text.HAL_UART_IRQHandler
                0x080017ec      0x524 ./Drivers/STM32F1xx_HAL_Driver/Src/stm32f1xx_hal_uart.o
                0x080017ec                HAL_UART_IRQHandler
 .text.HAL_UART_TxCpltCallback
                0x08001d10       0x12 ./Drivers/STM32F1xx_HAL_Driver/Src/stm32f1xx_hal_uart.o
                0x08001d10                HAL_UART_TxCpltCallback
 .text.HAL_UART_ErrorCallback
                0x08001d22       0x12 ./Drivers/STM32F1xx_HAL_Driver/Src/stm32f1xx_hal_uart.o
                0x08001d22                HAL_UART_ErrorCallback
 .text.HAL_UARTEx_RxEventCallback
                0x08001d34       0x16 ./Drivers/STM32F1xx_HAL_Driver/Src/stm32f1xx_hal_uart.o
                0x08001d34                HAL_UARTEx_RxEventCallback
 .text.UART_WaitOnFlagUntilTimeout
                0x08001d4a       0xb2 ./Drivers/STM32F1xx_HAL_Driver/Src/stm32f1xx_hal_uart.o
 .text.UART_Start_Receive_IT
                0x08001dfc       0x72 ./Drivers/STM32F1xx_HAL_Driver/Src/stm32f1xx_hal_uart.o
                0x08001dfc                UART_Start_Receive_IT
 .text.UART_EndRxTransfer
                0x08001e6e       0xc4 ./Drivers/STM32F1xx_HAL_Driver/Src/stm32f1xx_hal_uart.o
 .text.UART_DMAAbortOnError
                0x08001f32       0x28 ./Drivers/STM32F1xx_HAL_Driver/Src/stm32f1xx_hal_uart.o
 .text.UART_Transmit_IT
                0x08001f5a       0x9e ./Drivers/STM32F1xx_HAL_Driver/Src/stm32f1xx_hal_uart.o
 .text.UART_EndTransmit_IT
                0x08001ff8       0x30 ./Drivers/STM32F1xx_HAL_Driver/Src/stm32f1xx_hal_uart.o
 .text.UART_Receive_IT
                0x08002028      0x17c ./Drivers/STM32F1xx_HAL_Driver/Src/stm32f1xx_hal_uart.o
 .text.UART_SetConfig
                0x080021a4      0x11c ./Drivers/STM32F1xx_HAL_Driver/Src/stm32f1xx_hal_uart.o
 .text.stm32_gpio_write
                0x080022c0       0x24 ./platforms/hal/stm32_gpio.o
                0x080022c0                stm32_gpio_write
 .text.stm32_uart_send
                0x080022e4       0x46 ./platforms/hal/stm32_uart.o
                0x080022e4                stm32_uart_send
 .text.stm32_uart_receive_it
                0x0800232a       0x44 ./platforms/hal/stm32_uart.o
                0x0800232a                stm32_uart_receive_it
 .text.drv_led_is_valid
                0x0800236e       0x20 ./src/drivers/led/drv_led.o
 *fill*         0x0800238e        0x2 
 .text.drv_led_write
                0x08002390       0xbc ./src/drivers/led/drv_led.o
 .text.drv_led_blink_clear_state
                0x0800244c       0x88 ./src/drivers/led/drv_led.o
 .text.drv_led_init
                0x080024d4       0x34 ./src/drivers/led/drv_led.o
                0x080024d4                drv_led_init
 .text.drv_led_blink_start
                0x08002508       0xd0 ./src/drivers/led/drv_led.o
                0x08002508                drv_led_blink_start
 .text.drv_led_blink_stop
                0x080025d8       0x34 ./src/drivers/led/drv_led.o
                0x080025d8                drv_led_blink_stop
 .text.drv_led_process
                0x0800260c       0xd4 ./src/drivers/led/drv_led.o
                0x0800260c                drv_led_process
 .text.drv_led_blink_is_done
                0x080026e0       0x34 ./src/drivers/led/drv_led.o
                0x080026e0                drv_led_blink_is_done
 .text.drv_led_blink_clear_done
                0x08002714       0x34 ./src/drivers/led/drv_led.o
                0x08002714                drv_led_blink_clear_done
 .text.drv_uart_send_raw
                0x08002748       0x44 ./src/drivers/uart/drv_uart.o
 .text.drv_uart_init
                0x0800278c       0x54 ./src/drivers/uart/drv_uart.o
                0x0800278c                drv_uart_init
 .text.drv_uart_send
                0x080027e0       0x28 ./src/drivers/uart/drv_uart.o
                0x080027e0                drv_uart_send
 .text.drv_uart_device_send_raw
                0x08002808       0x28 ./src/drivers/uart/drv_uart.o
                0x08002808                drv_uart_device_send_raw
 .text.drv_uart_start_receive_it
                0x08002830       0x28 ./src/drivers/uart/drv_uart.o
                0x08002830                drv_uart_start_receive_it
 .text.drv_uart_get_rx_byte
                0x08002858       0x14 ./src/drivers/uart/drv_uart.o
                0x08002858                drv_uart_get_rx_byte
 .text.drv_uart_start_device_receive_it
                0x0800286c       0x28 ./src/drivers/uart/drv_uart.o
                0x0800286c                drv_uart_start_device_receive_it
 .text.drv_uart_get_device_rx_byte
                0x08002894       0x14 ./src/drivers/uart/drv_uart.o
                0x08002894                drv_uart_get_device_rx_byte
 .text.uart_commander_init
                0x080028a8       0x20 ./src/modules/uart_commander/uart_commander.o
                0x080028a8                uart_commander_init
 .text.uart_commander_run
                0x080028c8        0xc ./src/modules/uart_commander/uart_commander.o
                0x080028c8                uart_commander_run
 .text.uart_commander_send_string
                0x080028d4       0x28 ./src/modules/uart_commander/uart_commander.o
                0x080028d4                uart_commander_send_string
 .text.device_protocol_parser_reset
                0x080028fc       0x32 ./src/protocol/device_protocol/device_protocol.o
 .text.device_protocol_parser_init
                0x0800292e       0x16 ./src/protocol/device_protocol/device_protocol.o
                0x0800292e                device_protocol_parser_init
 .text.device_protocol_is_valid_message
                0x08002944       0x2c ./src/protocol/device_protocol/device_protocol.o
 .text.device_protocol_is_valid_led_payload
                0x08002970       0x46 ./src/protocol/device_protocol/device_protocol.o
 .text.device_protocol_is_valid_payload
                0x080029b6       0x58 ./src/protocol/device_protocol/device_protocol.o
 .text.device_protocol_is_valid_length
                0x08002a0e       0x5a ./src/protocol/device_protocol/device_protocol.o
 .text.device_protocol_build_frame
                0x08002a68       0xb4 ./src/protocol/device_protocol/device_protocol.o
                0x08002a68                device_protocol_build_frame
 .text.device_protocol_parse_byte
                0x08002b1c      0x188 ./src/protocol/device_protocol/device_protocol.o
                0x08002b1c                device_protocol_parse_byte
 .text.app_main_send_status_frame_to_uart1
                0x08002ca4       0x56 ./src/system/app_main.o
 .text.app_main_send_control_led_frame_to_uart1
                0x08002cfa       0x92 ./src/system/app_main.o
 .text.app_main_handle_frame
                0x08002d8c       0xdc ./src/system/app_main.o
 .text.app_main_init
                0x08002e68       0x44 ./src/system/app_main.o
                0x08002e68                app_main_init
 .text.app_main_loop
                0x08002eac       0xc4 ./src/system/app_main.o
                0x08002eac                app_main_loop
 .text.app_main_uart1_rx_callback
                0x08002f70       0x74 ./src/system/app_main.o
                0x08002f70                app_main_uart1_rx_callback
 .text.app_main_uart2_rx_callback
                0x08002fe4       0x74 ./src/system/app_main.o
                0x08002fe4                app_main_uart2_rx_callback
 .text.snprintf
                0x08003058       0x6c D:/STM32CubeIDE_2.1.1/STM32CubeIDE/plugins/com.st.stm32cube.ide.mcu.externaltools.gnu-tools-for-stm32.14.3.rel1.win32_1.0.100.202602081740/tools/bin/../lib/gcc/arm-none-eabi/14.3.1/../../../../arm-none-eabi/lib/thumb/v7-m/nofp\libc_nano.a(libc_a-snprintf.o)
                0x08003058                sniprintf
                0x08003058                snprintf
 .text.memset   0x080030c4       0x10 D:/STM32CubeIDE_2.1.1/STM32CubeIDE/plugins/com.st.stm32cube.ide.mcu.externaltools.gnu-tools-for-stm32.14.3.rel1.win32_1.0.100.202602081740/tools/bin/../lib/gcc/arm-none-eabi/14.3.1/../../../../arm-none-eabi/lib/thumb/v7-m/nofp\libc_nano.a(libc_a-memset.o)
                0x080030c4                memset
 .text.__errno  0x080030d4        0xc D:/STM32CubeIDE_2.1.1/STM32CubeIDE/plugins/com.st.stm32cube.ide.mcu.externaltools.gnu-tools-for-stm32.14.3.rel1.win32_1.0.100.202602081740/tools/bin/../lib/gcc/arm-none-eabi/14.3.1/../../../../arm-none-eabi/lib/thumb/v7-m/nofp\libc_nano.a(libc_a-errno.o)
                0x080030d4                __errno
 .text.__libc_init_array
                0x080030e0       0x48 D:/STM32CubeIDE_2.1.1/STM32CubeIDE/plugins/com.st.stm32cube.ide.mcu.externaltools.gnu-tools-for-stm32.14.3.rel1.win32_1.0.100.202602081740/tools/bin/../lib/gcc/arm-none-eabi/14.3.1/../../../../arm-none-eabi/lib/thumb/v7-m/nofp\libc_nano.a(libc_a-init.o)
                0x080030e0                __libc_init_array
 .text.__retarget_lock_acquire_recursive
                0x08003128        0x2 D:/STM32CubeIDE_2.1.1/STM32CubeIDE/plugins/com.st.stm32cube.ide.mcu.externaltools.gnu-tools-for-stm32.14.3.rel1.win32_1.0.100.202602081740/tools/bin/../lib/gcc/arm-none-eabi/14.3.1/../../../../arm-none-eabi/lib/thumb/v7-m/nofp\libc_nano.a(libc_a-lock.o)
                0x08003128                __retarget_lock_acquire_recursive
 .text.__retarget_lock_release_recursive
                0x0800312a        0x2 D:/STM32CubeIDE_2.1.1/STM32CubeIDE/plugins/com.st.stm32cube.ide.mcu.externaltools.gnu-tools-for-stm32.14.3.rel1.win32_1.0.100.202602081740/tools/bin/../lib/gcc/arm-none-eabi/14.3.1/../../../../arm-none-eabi/lib/thumb/v7-m/nofp\libc_nano.a(libc_a-lock.o)
                0x0800312a                __retarget_lock_release_recursive
 .text.memcpy   0x0800312c       0x1c D:/STM32CubeIDE_2.1.1/STM32CubeIDE/plugins/com.st.stm32cube.ide.mcu.externaltools.gnu-tools-for-stm32.14.3.rel1.win32_1.0.100.202602081740/tools/bin/../lib/gcc/arm-none-eabi/14.3.1/../../../../arm-none-eabi/lib/thumb/v7-m/nofp\libc_nano.a(libc_a-memcpy-stub.o)
                0x0800312c                memcpy
 .text._free_r  0x08003148       0x90 D:/STM32CubeIDE_2.1.1/STM32CubeIDE/plugins/com.st.stm32cube.ide.mcu.externaltools.gnu-tools-for-stm32.14.3.rel1.win32_1.0.100.202602081740/tools/bin/../lib/gcc/arm-none-eabi/14.3.1/../../../../arm-none-eabi/lib/thumb/v7-m/nofp\libc_nano.a(libc_a-freer.o)
                0x08003148                _free_r
 .text.sbrk_aligned
                0x080031d8       0x44 D:/STM32CubeIDE_2.1.1/STM32CubeIDE/plugins/com.st.stm32cube.ide.mcu.externaltools.gnu-tools-for-stm32.14.3.rel1.win32_1.0.100.202602081740/tools/bin/../lib/gcc/arm-none-eabi/14.3.1/../../../../arm-none-eabi/lib/thumb/v7-m/nofp\libc_nano.a(libc_a-mallocr.o)
 .text._malloc_r
                0x0800321c      0x100 D:/STM32CubeIDE_2.1.1/STM32CubeIDE/plugins/com.st.stm32cube.ide.mcu.externaltools.gnu-tools-for-stm32.14.3.rel1.win32_1.0.100.202602081740/tools/bin/../lib/gcc/arm-none-eabi/14.3.1/../../../../arm-none-eabi/lib/thumb/v7-m/nofp\libc_nano.a(libc_a-mallocr.o)
                0x0800321c                _malloc_r
 .text.__malloc_lock
                0x0800331c        0xc D:/STM32CubeIDE_2.1.1/STM32CubeIDE/plugins/com.st.stm32cube.ide.mcu.externaltools.gnu-tools-for-stm32.14.3.rel1.win32_1.0.100.202602081740/tools/bin/../lib/gcc/arm-none-eabi/14.3.1/../../../../arm-none-eabi/lib/thumb/v7-m/nofp\libc_nano.a(libc_a-mlock.o)
                0x0800331c                __malloc_lock
 .text.__malloc_unlock
                0x08003328        0xc D:/STM32CubeIDE_2.1.1/STM32CubeIDE/plugins/com.st.stm32cube.ide.mcu.externaltools.gnu-tools-for-stm32.14.3.rel1.win32_1.0.100.202602081740/tools/bin/../lib/gcc/arm-none-eabi/14.3.1/../../../../arm-none-eabi/lib/thumb/v7-m/nofp\libc_nano.a(libc_a-mlock.o)
                0x08003328                __malloc_unlock
 .text.__ssputs_r
                0x08003334       0xc0 D:/STM32CubeIDE_2.1.1/STM32CubeIDE/plugins/com.st.stm32cube.ide.mcu.externaltools.gnu-tools-for-stm32.14.3.rel1.win32_1.0.100.202602081740/tools/bin/../lib/gcc/arm-none-eabi/14.3.1/../../../../arm-none-eabi/lib/thumb/v7-m/nofp\libc_nano.a(libc_a-nano-svfprintf.o)
                0x08003334                __ssputs_r
 .text._svfprintf_r
                0x080033f4      0x1f0 D:/STM32CubeIDE_2.1.1/STM32CubeIDE/plugins/com.st.stm32cube.ide.mcu.externaltools.gnu-tools-for-stm32.14.3.rel1.win32_1.0.100.202602081740/tools/bin/../lib/gcc/arm-none-eabi/14.3.1/../../../../arm-none-eabi/lib/thumb/v7-m/nofp\libc_nano.a(libc_a-nano-svfprintf.o)
                0x080033f4                _svfiprintf_r
                0x080033f4                _svfprintf_r
 .text._printf_common
                0x080035e4       0xe4 D:/STM32CubeIDE_2.1.1/STM32CubeIDE/plugins/com.st.stm32cube.ide.mcu.externaltools.gnu-tools-for-stm32.14.3.rel1.win32_1.0.100.202602081740/tools/bin/../lib/gcc/arm-none-eabi/14.3.1/../../../../arm-none-eabi/lib/thumb/v7-m/nofp\libc_nano.a(libc_a-nano-vfprintf_i.o)
                0x080035e4                _printf_common
 .text._printf_i
                0x080036c8      0x24c D:/STM32CubeIDE_2.1.1/STM32CubeIDE/plugins/com.st.stm32cube.ide.mcu.externaltools.gnu-tools-for-stm32.14.3.rel1.win32_1.0.100.202602081740/tools/bin/../lib/gcc/arm-none-eabi/14.3.1/../../../../arm-none-eabi/lib/thumb/v7-m/nofp\libc_nano.a(libc_a-nano-vfprintf_i.o)
                0x080036c8                _printf_i
 .text.memmove  0x08003914       0x32 D:/STM32CubeIDE_2.1.1/STM32CubeIDE/plugins/com.st.stm32cube.ide.mcu.externaltools.gnu-tools-for-stm32.14.3.rel1.win32_1.0.100.202602081740/tools/bin/../lib/gcc/arm-none-eabi/14.3.1/../../../../arm-none-eabi/lib/thumb/v7-m/nofp\libc_nano.a(libc_a-memmove.o)
                0x08003914                memmove
 *fill*         0x08003946        0x2 
 .text._sbrk_r  0x08003948       0x20 D:/STM32CubeIDE_2.1.1/STM32CubeIDE/plugins/com.st.stm32cube.ide.mcu.externaltools.gnu-tools-for-stm32.14.3.rel1.win32_1.0.100.202602081740/tools/bin/../lib/gcc/arm-none-eabi/14.3.1/../../../../arm-none-eabi/lib/thumb/v7-m/nofp\libc_nano.a(libc_a-sbrkr.o)
                0x08003948                _sbrk_r
 .text.memchr   0x08003968       0x1c D:/STM32CubeIDE_2.1.1/STM32CubeIDE/plugins/com.st.stm32cube.ide.mcu.externaltools.gnu-tools-for-stm32.14.3.rel1.win32_1.0.100.202602081740/tools/bin/../lib/gcc/arm-none-eabi/14.3.1/../../../../arm-none-eabi/lib/thumb/v7-m/nofp\libc_nano.a(libc_a-memchr-stub.o)
                0x08003968                memchr
 .text._realloc_r
                0x08003984       0x5c D:/STM32CubeIDE_2.1.1/STM32CubeIDE/plugins/com.st.stm32cube.ide.mcu.externaltools.gnu-tools-for-stm32.14.3.rel1.win32_1.0.100.202602081740/tools/bin/../lib/gcc/arm-none-eabi/14.3.1/../../../../arm-none-eabi/lib/thumb/v7-m/nofp\libc_nano.a(libc_a-reallocr.o)
                0x08003984                _realloc_r
 .text._malloc_usable_size_r
                0x080039e0       0x10 D:/STM32CubeIDE_2.1.1/STM32CubeIDE/plugins/com.st.stm32cube.ide.mcu.externaltools.gnu-tools-for-stm32.14.3.rel1.win32_1.0.100.202602081740/tools/bin/../lib/gcc/arm-none-eabi/14.3.1/../../../../arm-none-eabi/lib/thumb/v7-m/nofp\libc_nano.a(libc_a-msizer.o)
                0x080039e0                _malloc_usable_size_r
 *(.glue_7)
 .glue_7        0x080039f0        0x0 linker stubs
 *(.glue_7t)
 .glue_7t       0x080039f0        0x0 linker stubs
 *(.eh_frame)
 .eh_frame      0x080039f0        0x0 D:/STM32CubeIDE_2.1.1/STM32CubeIDE/plugins/com.st.stm32cube.ide.mcu.externaltools.gnu-tools-for-stm32.14.3.rel1.win32_1.0.100.202602081740/tools/bin/../lib/gcc/arm-none-eabi/14.3.1/thumb/v7-m/nofp/crtbegin.o
 *(.init)
 .init          0x080039f0        0x4 D:/STM32CubeIDE_2.1.1/STM32CubeIDE/plugins/com.st.stm32cube.ide.mcu.externaltools.gnu-tools-for-stm32.14.3.rel1.win32_1.0.100.202602081740/tools/bin/../lib/gcc/arm-none-eabi/14.3.1/thumb/v7-m/nofp/crti.o
                0x080039f0                _init
 .init          0x080039f4        0x8 D:/STM32CubeIDE_2.1.1/STM32CubeIDE/plugins/com.st.stm32cube.ide.mcu.externaltools.gnu-tools-for-stm32.14.3.rel1.win32_1.0.100.202602081740/tools/bin/../lib/gcc/arm-none-eabi/14.3.1/thumb/v7-m/nofp/crtn.o
 *(.fini)
 .fini          0x080039fc        0x4 D:/STM32CubeIDE_2.1.1/STM32CubeIDE/plugins/com.st.stm32cube.ide.mcu.externaltools.gnu-tools-for-stm32.14.3.rel1.win32_1.0.100.202602081740/tools/bin/../lib/gcc/arm-none-eabi/14.3.1/thumb/v7-m/nofp/crti.o
                0x080039fc                _fini
 .fini          0x08003a00        0x8 D:/STM32CubeIDE_2.1.1/STM32CubeIDE/plugins/com.st.stm32cube.ide.mcu.externaltools.gnu-tools-for-stm32.14.3.rel1.win32_1.0.100.202602081740/tools/bin/../lib/gcc/arm-none-eabi/14.3.1/thumb/v7-m/nofp/crtn.o
                0x08003a08                        . = ALIGN (0x4)
                0x08003a08                        _etext = .

.vfp11_veneer   0x08003a08        0x0
 .vfp11_veneer  0x08003a08        0x0 linker stubs

.v4_bx          0x08003a08        0x0
 .v4_bx         0x08003a08        0x0 linker stubs

.iplt           0x08003a08        0x0
 .iplt          0x08003a08        0x0 D:/STM32CubeIDE_2.1.1/STM32CubeIDE/plugins/com.st.stm32cube.ide.mcu.externaltools.gnu-tools-for-stm32.14.3.rel1.win32_1.0.100.202602081740/tools/bin/../lib/gcc/arm-none-eabi/14.3.1/thumb/v7-m/nofp/crtbegin.o

.rodata         0x08003a08      0x114
                0x08003a08                        . = ALIGN (0x4)
 *(.rodata)
 .rodata        0x08003a08       0x6d ./src/modules/uart_commander/uart_commander.o
 *fill*         0x08003a75        0x3 
 .rodata        0x08003a78       0x3c ./src/system/app_main.o
 *(.rodata*)
 .rodata.AHBPrescTable
                0x08003ab4       0x10 ./Core/Src/system_stm32f1xx.o
                0x08003ab4                AHBPrescTable
 .rodata.APBPrescTable
                0x08003ac4        0x8 ./Core/Src/system_stm32f1xx.o
                0x08003ac4                APBPrescTable
 .rodata.aPLLMULFactorTable.1
                0x08003acc       0x10 ./Drivers/STM32F1xx_HAL_Driver/Src/stm32f1xx_hal_rcc.o
 .rodata.aPredivFactorTable.0
                0x08003adc        0x2 ./Drivers/STM32F1xx_HAL_Driver/Src/stm32f1xx_hal_rcc.o
 *fill*         0x08003ade        0x2 
 .rodata.led_table
                0x08003ae0        0x8 ./src/drivers/led/drv_led.o
 .rodata._svfprintf_r.str1.1
                0x08003ae8       0x33 D:/STM32CubeIDE_2.1.1/STM32CubeIDE/plugins/com.st.stm32cube.ide.mcu.externaltools.gnu-tools-for-stm32.14.3.rel1.win32_1.0.100.202602081740/tools/bin/../lib/gcc/arm-none-eabi/14.3.1/../../../../arm-none-eabi/lib/thumb/v7-m/nofp\libc_nano.a(libc_a-nano-svfprintf.o)
                                 0x11 (size before relaxing)
 .rodata._printf_i.str1.1
                0x08003b1b       0x22 D:/STM32CubeIDE_2.1.1/STM32CubeIDE/plugins/com.st.stm32cube.ide.mcu.externaltools.gnu-tools-for-stm32.14.3.rel1.win32_1.0.100.202602081740/tools/bin/../lib/gcc/arm-none-eabi/14.3.1/../../../../arm-none-eabi/lib/thumb/v7-m/nofp\libc_nano.a(libc_a-nano-vfprintf_i.o)
                0x08003b40                        . = ALIGN (0x4)
 *fill*         0x08003b1b        0x1 

.ARM.extab      0x08003b1c        0x0
                0x08003b1c                        . = ALIGN (0x4)
 *(.ARM.extab* .gnu.linkonce.armextab.*)
                0x08003b1c                        . = ALIGN (0x4)

.ARM            0x08003b1c        0x8
                0x08003b1c                        . = ALIGN (0x4)
                0x08003b1c                        __exidx_start = .
 *(.ARM.exidx*)
 .ARM.exidx     0x08003b1c        0x8 D:/STM32CubeIDE_2.1.1/STM32CubeIDE/plugins/com.st.stm32cube.ide.mcu.externaltools.gnu-tools-for-stm32.14.3.rel1.win32_1.0.100.202602081740/tools/bin/../lib/gcc/arm-none-eabi/14.3.1/../../../../arm-none-eabi/lib/thumb/v7-m/nofp\libc_nano.a(libc_a-strlen.o)
                0x08003b24                        __exidx_end = .
                0x08003b24                        . = ALIGN (0x4)

.preinit_array  0x08003b24        0x0
                0x08003b24                        . = ALIGN (0x4)
                0x08003b24                        PROVIDE (__preinit_array_start = .)
 *(.preinit_array*)
                0x08003b24                        PROVIDE (__preinit_array_end = .)
                0x08003b24                        . = ALIGN (0x4)

.init_array     0x08003b24        0x4
                0x08003b24                        . = ALIGN (0x4)
                0x08003b24                        PROVIDE (__init_array_start = .)
 *(SORT_BY_NAME(.init_array.*))
 *(.init_array*)
 .init_array    0x08003b24        0x4 D:/STM32CubeIDE_2.1.1/STM32CubeIDE/plugins/com.st.stm32cube.ide.mcu.externaltools.gnu-tools-for-stm32.14.3.rel1.win32_1.0.100.202602081740/tools/bin/../lib/gcc/arm-none-eabi/14.3.1/thumb/v7-m/nofp/crtbegin.o
                0x08003b28                        PROVIDE (__init_array_end = .)
                0x08003b28                        . = ALIGN (0x4)

.fini_array     0x08003b28        0x4
                0x08003b28                        . = ALIGN (0x4)
                [!provide]                        PROVIDE (__fini_array_start = .)
 *(SORT_BY_NAME(.fini_array.*))
 *(.fini_array*)
 .fini_array    0x08003b28        0x4 D:/STM32CubeIDE_2.1.1/STM32CubeIDE/plugins/com.st.stm32cube.ide.mcu.externaltools.gnu-tools-for-stm32.14.3.rel1.win32_1.0.100.202602081740/tools/bin/../lib/gcc/arm-none-eabi/14.3.1/thumb/v7-m/nofp/crtbegin.o
                [!provide]                        PROVIDE (__fini_array_end = .)
                0x08003b2c                        . = ALIGN (0x4)
                0x08003b2c                        _sidata = LOADADDR (.data)

.rel.dyn        0x08003b2c        0x0
 .rel.iplt      0x08003b2c        0x0 D:/STM32CubeIDE_2.1.1/STM32CubeIDE/plugins/com.st.stm32cube.ide.mcu.externaltools.gnu-tools-for-stm32.14.3.rel1.win32_1.0.100.202602081740/tools/bin/../lib/gcc/arm-none-eabi/14.3.1/thumb/v7-m/nofp/crtbegin.o

.data           0x20000000       0x5c load address 0x08003b2c
                0x20000000                        . = ALIGN (0x4)
                0x20000000                        _sdata = .
 *(.data)
 *(.data*)
 .data.SystemCoreClock
                0x20000000        0x4 ./Core/Src/system_stm32f1xx.o
                0x20000000                SystemCoreClock
 .data.uwTickPrio
                0x20000004        0x4 ./Drivers/STM32F1xx_HAL_Driver/Src/stm32f1xx_hal.o
                0x20000004                uwTickPrio
 .data.uwTickFreq
                0x20000008        0x1 ./Drivers/STM32F1xx_HAL_Driver/Src/stm32f1xx_hal.o
                0x20000008                uwTickFreq
 *fill*         0x20000009        0x3 
 .data._impure_ptr
                0x2000000c        0x4 D:/STM32CubeIDE_2.1.1/STM32CubeIDE/plugins/com.st.stm32cube.ide.mcu.externaltools.gnu-tools-for-stm32.14.3.rel1.win32_1.0.100.202602081740/tools/bin/../lib/gcc/arm-none-eabi/14.3.1/../../../../arm-none-eabi/lib/thumb/v7-m/nofp\libc_nano.a(libc_a-impure.o)
                0x2000000c                _impure_ptr
 .data._impure_data
                0x20000010       0x4c D:/STM32CubeIDE_2.1.1/STM32CubeIDE/plugins/com.st.stm32cube.ide.mcu.externaltools.gnu-tools-for-stm32.14.3.rel1.win32_1.0.100.202602081740/tools/bin/../lib/gcc/arm-none-eabi/14.3.1/../../../../arm-none-eabi/lib/thumb/v7-m/nofp\libc_nano.a(libc_a-impure.o)
                0x20000010                _impure_data
 *(.RamFunc)
 *(.RamFunc*)
                0x2000005c                        . = ALIGN (0x4)
                0x2000005c                        _edata = .

.igot.plt       0x2000005c        0x0 load address 0x08003b88
 .igot.plt      0x2000005c        0x0 D:/STM32CubeIDE_2.1.1/STM32CubeIDE/plugins/com.st.stm32cube.ide.mcu.externaltools.gnu-tools-for-stm32.14.3.rel1.win32_1.0.100.202602081740/tools/bin/../lib/gcc/arm-none-eabi/14.3.1/thumb/v7-m/nofp/crtbegin.o
                0x2000005c                        . = ALIGN (0x4)

.bss            0x2000005c      0x628 load address 0x08003b88
                0x2000005c                        _sbss = .
                0x2000005c                        __bss_start__ = _sbss
 *(.bss)
 .bss           0x2000005c       0x1c D:/STM32CubeIDE_2.1.1/STM32CubeIDE/plugins/com.st.stm32cube.ide.mcu.externaltools.gnu-tools-for-stm32.14.3.rel1.win32_1.0.100.202602081740/tools/bin/../lib/gcc/arm-none-eabi/14.3.1/thumb/v7-m/nofp/crtbegin.o
 *(.bss*)
 .bss.huart1    0x20000078       0x48 ./Core/Src/main.o
                0x20000078                huart1
 .bss.huart2    0x200000c0       0x48 ./Core/Src/main.o
                0x200000c0                huart2
 .bss.__sbrk_heap_end
                0x20000108        0x4 ./Core/Src/sysmem.o
 .bss.uwTick    0x2000010c        0x4 ./Drivers/STM32F1xx_HAL_Driver/Src/stm32f1xx_hal.o
                0x2000010c                uwTick
 .bss.led_blink_state
                0x20000110       0x10 ./src/drivers/led/drv_led.o
 .bss.drv_uart_device_handle
                0x20000120        0x4 ./src/drivers/uart/drv_uart.o
 .bss.drv_uart_commander_handle
                0x20000124        0x4 ./src/drivers/uart/drv_uart.o
 .bss.drv_uart_device_rx_byte
                0x20000128        0x1 ./src/drivers/uart/drv_uart.o
 .bss.drv_uart_commander_rx_byte
                0x20000129        0x1 ./src/drivers/uart/drv_uart.o
 *fill*         0x2000012a        0x2 
 .bss.app_uart1_protocol_parser
                0x2000012c      0x103 ./src/system/app_main.o
 *fill*         0x2000022f        0x1 
 .bss.app_uart2_protocol_parser
                0x20000230      0x103 ./src/system/app_main.o
 .bss.app_uart1_frame_ready
                0x20000333        0x1 ./src/system/app_main.o
 .bss.app_uart1_rx_frame
                0x20000334      0x101 ./src/system/app_main.o
 .bss.app_uart2_frame_ready
                0x20000435        0x1 ./src/system/app_main.o
 *fill*         0x20000436        0x2 
 .bss.app_uart2_rx_frame
                0x20000438      0x101 ./src/system/app_main.o
 .bss.app_wait_led_done_send_status
                0x20000539        0x1 ./src/system/app_main.o
 *fill*         0x2000053a        0x2 
 .bss.__sf      0x2000053c      0x138 D:/STM32CubeIDE_2.1.1/STM32CubeIDE/plugins/com.st.stm32cube.ide.mcu.externaltools.gnu-tools-for-stm32.14.3.rel1.win32_1.0.100.202602081740/tools/bin/../lib/gcc/arm-none-eabi/14.3.1/../../../../arm-none-eabi/lib/thumb/v7-m/nofp\libc_nano.a(libc_a-findfp.o)
                0x2000053c                __sf
 .bss.errno     0x20000674        0x4 D:/STM32CubeIDE_2.1.1/STM32CubeIDE/plugins/com.st.stm32cube.ide.mcu.externaltools.gnu-tools-for-stm32.14.3.rel1.win32_1.0.100.202602081740/tools/bin/../lib/gcc/arm-none-eabi/14.3.1/../../../../arm-none-eabi/lib/thumb/v7-m/nofp\libc_nano.a(libc_a-reent.o)
                0x20000674                errno
 .bss.__lock___malloc_recursive_mutex
                0x20000678        0x1 D:/STM32CubeIDE_2.1.1/STM32CubeIDE/plugins/com.st.stm32cube.ide.mcu.externaltools.gnu-tools-for-stm32.14.3.rel1.win32_1.0.100.202602081740/tools/bin/../lib/gcc/arm-none-eabi/14.3.1/../../../../arm-none-eabi/lib/thumb/v7-m/nofp\libc_nano.a(libc_a-lock.o)
                0x20000678                __lock___malloc_recursive_mutex
 *fill*         0x20000679        0x3 
 .bss.__malloc_sbrk_start
                0x2000067c        0x4 D:/STM32CubeIDE_2.1.1/STM32CubeIDE/plugins/com.st.stm32cube.ide.mcu.externaltools.gnu-tools-for-stm32.14.3.rel1.win32_1.0.100.202602081740/tools/bin/../lib/gcc/arm-none-eabi/14.3.1/../../../../arm-none-eabi/lib/thumb/v7-m/nofp\libc_nano.a(libc_a-mallocr.o)
                0x2000067c                __malloc_sbrk_start
 .bss.__malloc_free_list
                0x20000680        0x4 D:/STM32CubeIDE_2.1.1/STM32CubeIDE/plugins/com.st.stm32cube.ide.mcu.externaltools.gnu-tools-for-stm32.14.3.rel1.win32_1.0.100.202602081740/tools/bin/../lib/gcc/arm-none-eabi/14.3.1/../../../../arm-none-eabi/lib/thumb/v7-m/nofp\libc_nano.a(libc_a-mallocr.o)
                0x20000680                __malloc_free_list
 *(COMMON)
                0x20000684                        . = ALIGN (0x4)
                0x20000684                        _ebss = .
                0x20000684                        __bss_end__ = _ebss

._user_heap_stack
                0x20000684      0x604 load address 0x08003b88
                0x20000688                        . = ALIGN (0x8)
 *fill*         0x20000684        0x4 
                [!provide]                        PROVIDE (end = .)
                0x20000688                        PROVIDE (_end = .)
                0x20000888                        . = (. + _Min_Heap_Size)
 *fill*         0x20000688      0x200 
                0x20000c88                        . = (. + _Min_Stack_Size)
 *fill*         0x20000888      0x400 
                0x20000c88                        . = ALIGN (0x8)

/DISCARD/
 libc.a(*)
 libm.a(*)
 libgcc.a(*)

.ARM.attributes
                0x00000000       0x29
 *(.ARM.attributes)
 .ARM.attributes
                0x00000000       0x1d D:/STM32CubeIDE_2.1.1/STM32CubeIDE/plugins/com.st.stm32cube.ide.mcu.externaltools.gnu-tools-for-stm32.14.3.rel1.win32_1.0.100.202602081740/tools/bin/../lib/gcc/arm-none-eabi/14.3.1/thumb/v7-m/nofp/crti.o
 .ARM.attributes
                0x0000001d       0x2d D:/STM32CubeIDE_2.1.1/STM32CubeIDE/plugins/com.st.stm32cube.ide.mcu.externaltools.gnu-tools-for-stm32.14.3.rel1.win32_1.0.100.202602081740/tools/bin/../lib/gcc/arm-none-eabi/14.3.1/thumb/v7-m/nofp/crtbegin.o
 .ARM.attributes
                0x0000004a       0x2d ./Core/Src/main.o
 .ARM.attributes
                0x00000077       0x2d ./Core/Src/stm32f1xx_hal_msp.o
 .ARM.attributes
                0x000000a4       0x2d ./Core/Src/stm32f1xx_it.o
 .ARM.attributes
                0x000000d1       0x2d ./Core/Src/sysmem.o
 .ARM.attributes
                0x000000fe       0x2d ./Core/Src/system_stm32f1xx.o
 .ARM.attributes
                0x0000012b       0x21 ./Core/Startup/startup_stm32f103c8tx.o
 .ARM.attributes
                0x0000014c       0x2d ./Drivers/STM32F1xx_HAL_Driver/Src/stm32f1xx_hal.o
 .ARM.attributes
                0x00000179       0x2d ./Drivers/STM32F1xx_HAL_Driver/Src/stm32f1xx_hal_cortex.o
 .ARM.attributes
                0x000001a6       0x2d ./Drivers/STM32F1xx_HAL_Driver/Src/stm32f1xx_hal_dma.o
 .ARM.attributes
                0x000001d3       0x2d ./Drivers/STM32F1xx_HAL_Driver/Src/stm32f1xx_hal_gpio.o
 .ARM.attributes
                0x00000200       0x2d ./Drivers/STM32F1xx_HAL_Driver/Src/stm32f1xx_hal_rcc.o
 .ARM.attributes
                0x0000022d       0x2d ./Drivers/STM32F1xx_HAL_Driver/Src/stm32f1xx_hal_uart.o
 .ARM.attributes
                0x0000025a       0x2d ./platforms/hal/stm32_gpio.o
 .ARM.attributes
                0x00000287       0x2d ./platforms/hal/stm32_uart.o
 .ARM.attributes
                0x000002b4       0x2d ./src/drivers/led/drv_led.o
 .ARM.attributes
                0x000002e1       0x2d ./src/drivers/uart/drv_uart.o
 .ARM.attributes
                0x0000030e       0x2d ./src/modules/uart_commander/uart_commander.o
 .ARM.attributes
                0x0000033b       0x2d ./src/protocol/device_protocol/device_protocol.o
 .ARM.attributes
                0x00000368       0x2d ./src/system/app_main.o
 .ARM.attributes
                0x00000395       0x2d D:/STM32CubeIDE_2.1.1/STM32CubeIDE/plugins/com.st.stm32cube.ide.mcu.externaltools.gnu-tools-for-stm32.14.3.rel1.win32_1.0.100.202602081740/tools/bin/../lib/gcc/arm-none-eabi/14.3.1/../../../../arm-none-eabi/lib/thumb/v7-m/nofp\libc_nano.a(libc_a-findfp.o)
 .ARM.attributes
                0x000003c2       0x2d D:/STM32CubeIDE_2.1.1/STM32CubeIDE/plugins/com.st.stm32cube.ide.mcu.externaltools.gnu-tools-for-stm32.14.3.rel1.win32_1.0.100.202602081740/tools/bin/../lib/gcc/arm-none-eabi/14.3.1/../../../../arm-none-eabi/lib/thumb/v7-m/nofp\libc_nano.a(libc_a-snprintf.o)
 .ARM.attributes
                0x000003ef       0x2d D:/STM32CubeIDE_2.1.1/STM32CubeIDE/plugins/com.st.stm32cube.ide.mcu.externaltools.gnu-tools-for-stm32.14.3.rel1.win32_1.0.100.202602081740/tools/bin/../lib/gcc/arm-none-eabi/14.3.1/../../../../arm-none-eabi/lib/thumb/v7-m/nofp\libc_nano.a(libc_a-memset.o)
 .ARM.attributes
                0x0000041c       0x2d D:/STM32CubeIDE_2.1.1/STM32CubeIDE/plugins/com.st.stm32cube.ide.mcu.externaltools.gnu-tools-for-stm32.14.3.rel1.win32_1.0.100.202602081740/tools/bin/../lib/gcc/arm-none-eabi/14.3.1/../../../../arm-none-eabi/lib/thumb/v7-m/nofp\libc_nano.a(libc_a-reent.o)
 .ARM.attributes
                0x00000449       0x2d D:/STM32CubeIDE_2.1.1/STM32CubeIDE/plugins/com.st.stm32cube.ide.mcu.externaltools.gnu-tools-for-stm32.14.3.rel1.win32_1.0.100.202602081740/tools/bin/../lib/gcc/arm-none-eabi/14.3.1/../../../../arm-none-eabi/lib/thumb/v7-m/nofp\libc_nano.a(libc_a-impure.o)
 .ARM.attributes
                0x00000476       0x2d D:/STM32CubeIDE_2.1.1/STM32CubeIDE/plugins/com.st.stm32cube.ide.mcu.externaltools.gnu-tools-for-stm32.14.3.rel1.win32_1.0.100.202602081740/tools/bin/../lib/gcc/arm-none-eabi/14.3.1/../../../../arm-none-eabi/lib/thumb/v7-m/nofp\libc_nano.a(libc_a-errno.o)
 .ARM.attributes
                0x000004a3       0x2d D:/STM32CubeIDE_2.1.1/STM32CubeIDE/plugins/com.st.stm32cube.ide.mcu.externaltools.gnu-tools-for-stm32.14.3.rel1.win32_1.0.100.202602081740/tools/bin/../lib/gcc/arm-none-eabi/14.3.1/../../../../arm-none-eabi/lib/thumb/v7-m/nofp\libc_nano.a(libc_a-init.o)
 .ARM.attributes
                0x000004d0       0x2d D:/STM32CubeIDE_2.1.1/STM32CubeIDE/plugins/com.st.stm32cube.ide.mcu.externaltools.gnu-tools-for-stm32.14.3.rel1.win32_1.0.100.202602081740/tools/bin/../lib/gcc/arm-none-eabi/14.3.1/../../../../arm-none-eabi/lib/thumb/v7-m/nofp\libc_nano.a(libc_a-lock.o)
 .ARM.attributes
                0x000004fd       0x2d D:/STM32CubeIDE_2.1.1/STM32CubeIDE/plugins/com.st.stm32cube.ide.mcu.externaltools.gnu-tools-for-stm32.14.3.rel1.win32_1.0.100.202602081740/tools/bin/../lib/gcc/arm-none-eabi/14.3.1/../../../../arm-none-eabi/lib/thumb/v7-m/nofp\libc_nano.a(libc_a-memcpy-stub.o)
 .ARM.attributes
                0x0000052a       0x17 D:/STM32CubeIDE_2.1.1/STM32CubeIDE/plugins/com.st.stm32cube.ide.mcu.externaltools.gnu-tools-for-stm32.14.3.rel1.win32_1.0.100.202602081740/tools/bin/../lib/gcc/arm-none-eabi/14.3.1/../../../../arm-none-eabi/lib/thumb/v7-m/nofp\libc_nano.a(libc_a-strlen.o)
 .ARM.attributes
                0x00000541       0x2d D:/STM32CubeIDE_2.1.1/STM32CubeIDE/plugins/com.st.stm32cube.ide.mcu.externaltools.gnu-tools-for-stm32.14.3.rel1.win32_1.0.100.202602081740/tools/bin/../lib/gcc/arm-none-eabi/14.3.1/../../../../arm-none-eabi/lib/thumb/v7-m/nofp\libc_nano.a(libc_a-freer.o)
 .ARM.attributes
                0x0000056e       0x2d D:/STM32CubeIDE_2.1.1/STM32CubeIDE/plugins/com.st.stm32cube.ide.mcu.externaltools.gnu-tools-for-stm32.14.3.rel1.win32_1.0.100.202602081740/tools/bin/../lib/gcc/arm-none-eabi/14.3.1/../../../../arm-none-eabi/lib/thumb/v7-m/nofp\libc_nano.a(libc_a-mallocr.o)
 .ARM.attributes
                0x0000059b       0x2d D:/STM32CubeIDE_2.1.1/STM32CubeIDE/plugins/com.st.stm32cube.ide.mcu.externaltools.gnu-tools-for-stm32.14.3.rel1.win32_1.0.100.202602081740/tools/bin/../lib/gcc/arm-none-eabi/14.3.1/../../../../arm-none-eabi/lib/thumb/v7-m/nofp\libc_nano.a(libc_a-mlock.o)
 .ARM.attributes
                0x000005c8       0x2d D:/STM32CubeIDE_2.1.1/STM32CubeIDE/plugins/com.st.stm32cube.ide.mcu.externaltools.gnu-tools-for-stm32.14.3.rel1.win32_1.0.100.202602081740/tools/bin/../lib/gcc/arm-none-eabi/14.3.1/../../../../arm-none-eabi/lib/thumb/v7-m/nofp\libc_nano.a(libc_a-nano-svfprintf.o)
 .ARM.attributes
                0x000005f5       0x2d D:/STM32CubeIDE_2.1.1/STM32CubeIDE/plugins/com.st.stm32cube.ide.mcu.externaltools.gnu-tools-for-stm32.14.3.rel1.win32_1.0.100.202602081740/tools/bin/../lib/gcc/arm-none-eabi/14.3.1/../../../../arm-none-eabi/lib/thumb/v7-m/nofp\libc_nano.a(libc_a-nano-vfprintf_i.o)
 .ARM.attributes
                0x00000622       0x2d D:/STM32CubeIDE_2.1.1/STM32CubeIDE/plugins/com.st.stm32cube.ide.mcu.externaltools.gnu-tools-for-stm32.14.3.rel1.win32_1.0.100.202602081740/tools/bin/../lib/gcc/arm-none-eabi/14.3.1/../../../../arm-none-eabi/lib/thumb/v7-m/nofp\libc_nano.a(libc_a-memmove.o)
 .ARM.attributes
                0x0000064f       0x2d D:/STM32CubeIDE_2.1.1/STM32CubeIDE/plugins/com.st.stm32cube.ide.mcu.externaltools.gnu-tools-for-stm32.14.3.rel1.win32_1.0.100.202602081740/tools/bin/../lib/gcc/arm-none-eabi/14.3.1/../../../../arm-none-eabi/lib/thumb/v7-m/nofp\libc_nano.a(libc_a-sbrkr.o)
 .ARM.attributes
                0x0000067c       0x2d D:/STM32CubeIDE_2.1.1/STM32CubeIDE/plugins/com.st.stm32cube.ide.mcu.externaltools.gnu-tools-for-stm32.14.3.rel1.win32_1.0.100.202602081740/tools/bin/../lib/gcc/arm-none-eabi/14.3.1/../../../../arm-none-eabi/lib/thumb/v7-m/nofp\libc_nano.a(libc_a-memchr-stub.o)
 .ARM.attributes
                0x000006a9       0x2d D:/STM32CubeIDE_2.1.1/STM32CubeIDE/plugins/com.st.stm32cube.ide.mcu.externaltools.gnu-tools-for-stm32.14.3.rel1.win32_1.0.100.202602081740/tools/bin/../lib/gcc/arm-none-eabi/14.3.1/../../../../arm-none-eabi/lib/thumb/v7-m/nofp\libc_nano.a(libc_a-reallocr.o)
 .ARM.attributes
                0x000006d6       0x2d D:/STM32CubeIDE_2.1.1/STM32CubeIDE/plugins/com.st.stm32cube.ide.mcu.externaltools.gnu-tools-for-stm32.14.3.rel1.win32_1.0.100.202602081740/tools/bin/../lib/gcc/arm-none-eabi/14.3.1/../../../../arm-none-eabi/lib/thumb/v7-m/nofp\libc_nano.a(libc_a-msizer.o)
 .ARM.attributes
                0x00000703       0x1d D:/STM32CubeIDE_2.1.1/STM32CubeIDE/plugins/com.st.stm32cube.ide.mcu.externaltools.gnu-tools-for-stm32.14.3.rel1.win32_1.0.100.202602081740/tools/bin/../lib/gcc/arm-none-eabi/14.3.1/thumb/v7-m/nofp/crtn.o
OUTPUT(stm32_com.elf elf32-littlearm)
LOAD linker stubs
LOAD D:/STM32CubeIDE_2.1.1/STM32CubeIDE/plugins/com.st.stm32cube.ide.mcu.externaltools.gnu-tools-for-stm32.14.3.rel1.win32_1.0.100.202602081740/tools/bin/../lib/gcc/arm-none-eabi/14.3.1/../../../../arm-none-eabi/lib/thumb/v7-m/nofp\libc.a
LOAD D:/STM32CubeIDE_2.1.1/STM32CubeIDE/plugins/com.st.stm32cube.ide.mcu.externaltools.gnu-tools-for-stm32.14.3.rel1.win32_1.0.100.202602081740/tools/bin/../lib/gcc/arm-none-eabi/14.3.1/../../../../arm-none-eabi/lib/thumb/v7-m/nofp\libm.a
LOAD D:/STM32CubeIDE_2.1.1/STM32CubeIDE/plugins/com.st.stm32cube.ide.mcu.externaltools.gnu-tools-for-stm32.14.3.rel1.win32_1.0.100.202602081740/tools/bin/../lib/gcc/arm-none-eabi/14.3.1/thumb/v7-m/nofp\libgcc.a

.debug_info     0x00000000     0x98c3
 .debug_info    0x00000000      0xa25 ./Core/Src/main.o
 .debug_info    0x00000a25      0x9c1 ./Core/Src/stm32f1xx_hal_msp.o
 .debug_info    0x000013e6      0x603 ./Core/Src/stm32f1xx_it.o
 .debug_info    0x000019e9      0x168 ./Core/Src/sysmem.o
 .debug_info    0x00001b51      0x222 ./Core/Src/system_stm32f1xx.o
 .debug_info    0x00001d73       0x30 ./Core/Startup/startup_stm32f103c8tx.o
 .debug_info    0x00001da3      0x704 ./Drivers/STM32F1xx_HAL_Driver/Src/stm32f1xx_hal.o
 .debug_info    0x000024a7      0xa87 ./Drivers/STM32F1xx_HAL_Driver/Src/stm32f1xx_hal_cortex.o
 .debug_info    0x00002f2e      0x6d2 ./Drivers/STM32F1xx_HAL_Driver/Src/stm32f1xx_hal_dma.o
 .debug_info    0x00003600      0x5ab ./Drivers/STM32F1xx_HAL_Driver/Src/stm32f1xx_hal_gpio.o
 .debug_info    0x00003bab      0x7d5 ./Drivers/STM32F1xx_HAL_Driver/Src/stm32f1xx_hal_rcc.o
 .debug_info    0x00004380     0x2eed ./Drivers/STM32F1xx_HAL_Driver/Src/stm32f1xx_hal_uart.o
 .debug_info    0x0000726d      0x237 ./platforms/hal/stm32_gpio.o
 .debug_info    0x000074a4      0x64e ./platforms/hal/stm32_uart.o
 .debug_info    0x00007af2      0x4f5 ./src/drivers/led/drv_led.o
 .debug_info    0x00007fe7      0x743 ./src/drivers/uart/drv_uart.o
 .debug_info    0x0000872a      0x1d8 ./src/modules/uart_commander/uart_commander.o
 .debug_info    0x00008902      0x414 ./src/protocol/device_protocol/device_protocol.o
 .debug_info    0x00008d16      0xbad ./src/system/app_main.o

.debug_abbrev   0x00000000     0x222a
 .debug_abbrev  0x00000000      0x285 ./Core/Src/main.o
 .debug_abbrev  0x00000285      0x1ca ./Core/Src/stm32f1xx_hal_msp.o
 .debug_abbrev  0x0000044f      0x178 ./Core/Src/stm32f1xx_it.o
 .debug_abbrev  0x000005c7       0xbc ./Core/Src/sysmem.o
 .debug_abbrev  0x00000683      0x13f ./Core/Src/system_stm32f1xx.o
 .debug_abbrev  0x000007c2       0x24 ./Core/Startup/startup_stm32f103c8tx.o
 .debug_abbrev  0x000007e6      0x201 ./Drivers/STM32F1xx_HAL_Driver/Src/stm32f1xx_hal.o
 .debug_abbrev  0x000009e7      0x2f8 ./Drivers/STM32F1xx_HAL_Driver/Src/stm32f1xx_hal_cortex.o
 .debug_abbrev  0x00000cdf      0x20b ./Drivers/STM32F1xx_HAL_Driver/Src/stm32f1xx_hal_dma.o
 .debug_abbrev  0x00000eea      0x1ca ./Drivers/STM32F1xx_HAL_Driver/Src/stm32f1xx_hal_gpio.o
 .debug_abbrev  0x000010b4      0x2b3 ./Drivers/STM32F1xx_HAL_Driver/Src/stm32f1xx_hal_rcc.o
 .debug_abbrev  0x00001367      0x2f8 ./Drivers/STM32F1xx_HAL_Driver/Src/stm32f1xx_hal_uart.o
 .debug_abbrev  0x0000165f      0x155 ./platforms/hal/stm32_gpio.o
 .debug_abbrev  0x000017b4      0x168 ./platforms/hal/stm32_uart.o
 .debug_abbrev  0x0000191c      0x23b ./src/drivers/led/drv_led.o
 .debug_abbrev  0x00001b57      0x1b0 ./src/drivers/uart/drv_uart.o
 .debug_abbrev  0x00001d07      0x138 ./src/modules/uart_commander/uart_commander.o
 .debug_abbrev  0x00001e3f      0x15e ./src/protocol/device_protocol/device_protocol.o
 .debug_abbrev  0x00001f9d      0x28d ./src/system/app_main.o

.debug_aranges  0x00000000      0x8b8
 .debug_aranges
                0x00000000       0x50 ./Core/Src/main.o
 .debug_aranges
                0x00000050       0x30 ./Core/Src/stm32f1xx_hal_msp.o
 .debug_aranges
                0x00000080       0x70 ./Core/Src/stm32f1xx_it.o
 .debug_aranges
                0x000000f0       0x20 ./Core/Src/sysmem.o
 .debug_aranges
                0x00000110       0x28 ./Core/Src/system_stm32f1xx.o
 .debug_aranges
                0x00000138       0x28 ./Core/Startup/startup_stm32f103c8tx.o
 .debug_aranges
                0x00000160       0xe0 ./Drivers/STM32F1xx_HAL_Driver/Src/stm32f1xx_hal.o
 .debug_aranges
                0x00000240      0x100 ./Drivers/STM32F1xx_HAL_Driver/Src/stm32f1xx_hal_cortex.o
 .debug_aranges
                0x00000340       0x80 ./Drivers/STM32F1xx_HAL_Driver/Src/stm32f1xx_hal_dma.o
 .debug_aranges
                0x000003c0       0x58 ./Drivers/STM32F1xx_HAL_Driver/Src/stm32f1xx_hal_gpio.o
 .debug_aranges
                0x00000418       0x90 ./Drivers/STM32F1xx_HAL_Driver/Src/stm32f1xx_hal_rcc.o
 .debug_aranges
                0x000004a8      0x208 ./Drivers/STM32F1xx_HAL_Driver/Src/stm32f1xx_hal_uart.o
 .debug_aranges
                0x000006b0       0x30 ./platforms/hal/stm32_gpio.o
 .debug_aranges
                0x000006e0       0x28 ./platforms/hal/stm32_uart.o
 .debug_aranges
                0x00000708       0x78 ./src/drivers/led/drv_led.o
 .debug_aranges
                0x00000780       0x58 ./src/drivers/uart/drv_uart.o
 .debug_aranges
                0x000007d8       0x38 ./src/modules/uart_commander/uart_commander.o
 .debug_aranges
                0x00000810       0x58 ./src/protocol/device_protocol/device_protocol.o
 .debug_aranges
                0x00000868       0x50 ./src/system/app_main.o

.debug_rnglists
                0x00000000      0x68e
 .debug_rnglists
                0x00000000       0x38 ./Core/Src/main.o
 .debug_rnglists
                0x00000038       0x20 ./Core/Src/stm32f1xx_hal_msp.o
 .debug_rnglists
                0x00000058       0x4f ./Core/Src/stm32f1xx_it.o
 .debug_rnglists
                0x000000a7       0x13 ./Core/Src/sysmem.o
 .debug_rnglists
                0x000000ba       0x1a ./Core/Src/system_stm32f1xx.o
 .debug_rnglists
                0x000000d4       0x19 ./Core/Startup/startup_stm32f103c8tx.o
 .debug_rnglists
                0x000000ed       0xa3 ./Drivers/STM32F1xx_HAL_Driver/Src/stm32f1xx_hal.o
 .debug_rnglists
                0x00000190       0xbb ./Drivers/STM32F1xx_HAL_Driver/Src/stm32f1xx_hal_cortex.o
 .debug_rnglists
                0x0000024b       0x64 ./Drivers/STM32F1xx_HAL_Driver/Src/stm32f1xx_hal_dma.o
 .debug_rnglists
                0x000002af       0x3f ./Drivers/STM32F1xx_HAL_Driver/Src/stm32f1xx_hal_gpio.o
 .debug_rnglists
                0x000002ee       0x6c ./Drivers/STM32F1xx_HAL_Driver/Src/stm32f1xx_hal_rcc.o
 .debug_rnglists
                0x0000035a      0x1bc ./Drivers/STM32F1xx_HAL_Driver/Src/stm32f1xx_hal_uart.o
 .debug_rnglists
                0x00000516       0x1f ./platforms/hal/stm32_gpio.o
 .debug_rnglists
                0x00000535       0x19 ./platforms/hal/stm32_uart.o
 .debug_rnglists
                0x0000054e       0x59 ./src/drivers/led/drv_led.o
 .debug_rnglists
                0x000005a7       0x3d ./src/drivers/uart/drv_uart.o
 .debug_rnglists
                0x000005e4       0x25 ./src/modules/uart_commander/uart_commander.o
 .debug_rnglists
                0x00000609       0x3f ./src/protocol/device_protocol/device_protocol.o
 .debug_rnglists
                0x00000648       0x46 ./src/system/app_main.o

.debug_macro    0x00000000    0x17333
 .debug_macro   0x00000000      0x1b6 ./Core/Src/main.o
 .debug_macro   0x000001b6      0xacc ./Core/Src/main.o
 .debug_macro   0x00000c82      0x215 ./Core/Src/main.o
 .debug_macro   0x00000e97       0x2e ./Core/Src/main.o
 .debug_macro   0x00000ec5       0x22 ./Core/Src/main.o
 .debug_macro   0x00000ee7       0x22 ./Core/Src/main.o
 .debug_macro   0x00000f09       0x8e ./Core/Src/main.o
 .debug_macro   0x00000f97       0x51 ./Core/Src/main.o
 .debug_macro   0x00000fe8      0x103 ./Core/Src/main.o
 .debug_macro   0x000010eb       0x6a ./Core/Src/main.o
 .debug_macro   0x00001155      0x1df ./Core/Src/main.o
 .debug_macro   0x00001334       0x1c ./Core/Src/main.o
 .debug_macro   0x00001350       0x22 ./Core/Src/main.o
 .debug_macro   0x00001372       0xbd ./Core/Src/main.o
 .debug_macro   0x0000142f      0xd23 ./Core/Src/main.o
 .debug_macro   0x00002152     0xe09e ./Core/Src/main.o
 .debug_macro   0x000101f0       0x6d ./Core/Src/main.o
 .debug_macro   0x0001025d     0x34a2 ./Core/Src/main.o
 .debug_macro   0x000136ff      0x190 ./Core/Src/main.o
 .debug_macro   0x0001388f       0x5c ./Core/Src/main.o
 .debug_macro   0x000138eb      0x5bc ./Core/Src/main.o
 .debug_macro   0x00013ea7      0x289 ./Core/Src/main.o
 .debug_macro   0x00014130      0x1cb ./Core/Src/main.o
 .debug_macro   0x000142fb      0x114 ./Core/Src/main.o
 .debug_macro   0x0001440f      0x1b2 ./Core/Src/main.o
 .debug_macro   0x000145c1       0x27 ./Core/Src/main.o
 .debug_macro   0x000145e8      0x136 ./Core/Src/main.o
 .debug_macro   0x0001471e      0x1bc ./Core/Src/main.o
 .debug_macro   0x000148da       0x34 ./Core/Src/main.o
 .debug_macro   0x0001490e       0x3c ./Core/Src/main.o
 .debug_macro   0x0001494a       0x57 ./Core/Src/main.o
 .debug_macro   0x000149a1       0x87 ./Core/Src/main.o
 .debug_macro   0x00014a28      0x240 ./Core/Src/main.o
 .debug_macro   0x00014c68      0x140 ./Core/Src/main.o
 .debug_macro   0x00014da8      0x28e ./Core/Src/main.o
 .debug_macro   0x00015036       0x83 ./Core/Src/main.o
 .debug_macro   0x000150b9      0x198 ./Core/Src/stm32f1xx_hal_msp.o
 .debug_macro   0x00015251      0x1a2 ./Core/Src/stm32f1xx_it.o
 .debug_macro   0x000153f3      0x112 ./Core/Src/sysmem.o
 .debug_macro   0x00015505      0x23c ./Core/Src/sysmem.o
 .debug_macro   0x00015741      0x18e ./Core/Src/system_stm32f1xx.o
 .debug_macro   0x000158cf      0x1b2 ./Drivers/STM32F1xx_HAL_Driver/Src/stm32f1xx_hal.o
 .debug_macro   0x00015a81      0x18e ./Drivers/STM32F1xx_HAL_Driver/Src/stm32f1xx_hal_cortex.o
 .debug_macro   0x00015c0f      0x18e ./Drivers/STM32F1xx_HAL_Driver/Src/stm32f1xx_hal_dma.o
 .debug_macro   0x00015d9d      0x1f9 ./Drivers/STM32F1xx_HAL_Driver/Src/stm32f1xx_hal_gpio.o
 .debug_macro   0x00015f96      0x1a0 ./Drivers/STM32F1xx_HAL_Driver/Src/stm32f1xx_hal_rcc.o
 .debug_macro   0x00016136      0x18f ./Drivers/STM32F1xx_HAL_Driver/Src/stm32f1xx_hal_uart.o
 .debug_macro   0x000162c5      0x1a2 ./platforms/hal/stm32_gpio.o
 .debug_macro   0x00016467      0x1a2 ./platforms/hal/stm32_uart.o
 .debug_macro   0x00016609      0x1bb ./src/drivers/led/drv_led.o
 .debug_macro   0x000167c4      0x1b2 ./src/drivers/uart/drv_uart.o
 .debug_macro   0x00016976      0x2b4 ./src/modules/uart_commander/uart_commander.o
 .debug_macro   0x00016c2a       0x61 ./src/modules/uart_commander/uart_commander.o
 .debug_macro   0x00016c8b       0x16 ./src/modules/uart_commander/uart_commander.o
 .debug_macro   0x00016ca1       0x16 ./src/modules/uart_commander/uart_commander.o
 .debug_macro   0x00016cb7       0x16 ./src/modules/uart_commander/uart_commander.o
 .debug_macro   0x00016ccd       0x20 ./src/modules/uart_commander/uart_commander.o
 .debug_macro   0x00016ced      0x145 ./src/protocol/device_protocol/device_protocol.o
 .debug_macro   0x00016e32       0x22 ./src/protocol/device_protocol/device_protocol.o
 .debug_macro   0x00016e54       0x10 ./src/protocol/device_protocol/device_protocol.o
 .debug_macro   0x00016e64      0x2a1 ./src/system/app_main.o
 .debug_macro   0x00017105       0x9e ./src/system/app_main.o
 .debug_macro   0x000171a3      0x112 ./src/system/app_main.o
 .debug_macro   0x000172b5       0x56 ./src/system/app_main.o
 .debug_macro   0x0001730b       0x28 ./src/system/app_main.o

.debug_line     0x00000000     0xc02d
 .debug_line    0x00000000      0x8f9 ./Core/Src/main.o
 .debug_line    0x000008f9      0x755 ./Core/Src/stm32f1xx_hal_msp.o
 .debug_line    0x0000104e      0x7a2 ./Core/Src/stm32f1xx_it.o
 .debug_line    0x000017f0      0x57e ./Core/Src/sysmem.o
 .debug_line    0x00001d6e      0x742 ./Core/Src/system_stm32f1xx.o
 .debug_line    0x000024b0       0x78 ./Core/Startup/startup_stm32f103c8tx.o
 .debug_line    0x00002528      0x976 ./Drivers/STM32F1xx_HAL_Driver/Src/stm32f1xx_hal.o
 .debug_line    0x00002e9e      0xb3d ./Drivers/STM32F1xx_HAL_Driver/Src/stm32f1xx_hal_cortex.o
 .debug_line    0x000039db      0xd7d ./Drivers/STM32F1xx_HAL_Driver/Src/stm32f1xx_hal_dma.o
 .debug_line    0x00004758      0x9cd ./Drivers/STM32F1xx_HAL_Driver/Src/stm32f1xx_hal_gpio.o
 .debug_line    0x00005125      0xe2c ./Drivers/STM32F1xx_HAL_Driver/Src/stm32f1xx_hal_rcc.o
 .debug_line    0x00005f51     0x248f ./Drivers/STM32F1xx_HAL_Driver/Src/stm32f1xx_hal_uart.o
 .debug_line    0x000083e0      0x6fa ./platforms/hal/stm32_gpio.o
 .debug_line    0x00008ada      0x727 ./platforms/hal/stm32_uart.o
 .debug_line    0x00009201      0xa47 ./src/drivers/led/drv_led.o
 .debug_line    0x00009c48      0x819 ./src/drivers/uart/drv_uart.o
 .debug_line    0x0000a461      0x90b ./src/modules/uart_commander/uart_commander.o
 .debug_line    0x0000ad6c      0x7b8 ./src/protocol/device_protocol/device_protocol.o
 .debug_line    0x0000b524      0xb09 ./src/system/app_main.o

.debug_str      0x00000000    0x82de8
 .debug_str     0x00000000    0x82de8 ./Core/Src/main.o
                              0x7d168 (size before relaxing)
 .debug_str     0x00082de8    0x7d1c1 ./Core/Src/stm32f1xx_hal_msp.o
 .debug_str     0x00082de8    0x7ce8a ./Core/Src/stm32f1xx_it.o
 .debug_str     0x00082de8     0x76a6 ./Core/Src/sysmem.o
 .debug_str     0x00082de8    0x7ca4c ./Core/Src/system_stm32f1xx.o
 .debug_str     0x00082de8       0x76 ./Core/Startup/startup_stm32f103c8tx.o
 .debug_str     0x00082de8    0x7d17f ./Drivers/STM32F1xx_HAL_Driver/Src/stm32f1xx_hal.o
 .debug_str     0x00082de8    0x7d0cb ./Drivers/STM32F1xx_HAL_Driver/Src/stm32f1xx_hal_cortex.o
 .debug_str     0x00082de8    0x7cdf5 ./Drivers/STM32F1xx_HAL_Driver/Src/stm32f1xx_hal_dma.o
 .debug_str     0x00082de8    0x7cdd2 ./Drivers/STM32F1xx_HAL_Driver/Src/stm32f1xx_hal_gpio.o
 .debug_str     0x00082de8    0x7ce7b ./Drivers/STM32F1xx_HAL_Driver/Src/stm32f1xx_hal_rcc.o
 .debug_str     0x00082de8    0x7d4ec ./Drivers/STM32F1xx_HAL_Driver/Src/stm32f1xx_hal_uart.o
 .debug_str     0x00082de8    0x7ca76 ./platforms/hal/stm32_gpio.o
 .debug_str     0x00082de8    0x7ce78 ./platforms/hal/stm32_uart.o
 .debug_str     0x00082de8    0x7cc9d ./src/drivers/led/drv_led.o
 .debug_str     0x00082de8    0x7cfb5 ./src/drivers/uart/drv_uart.o
 .debug_str     0x00082de8    0x8022f ./src/modules/uart_commander/uart_commander.o
 .debug_str     0x00082de8     0x772a ./src/protocol/device_protocol/device_protocol.o
 .debug_str     0x00082de8    0x80c01 ./src/system/app_main.o

.comment        0x00000000       0x43
 .comment       0x00000000       0x43 ./Core/Src/main.o
                                 0x44 (size before relaxing)
 .comment       0x00000043       0x44 ./Core/Src/stm32f1xx_hal_msp.o
 .comment       0x00000043       0x44 ./Core/Src/stm32f1xx_it.o
 .comment       0x00000043       0x44 ./Core/Src/sysmem.o
 .comment       0x00000043       0x44 ./Core/Src/system_stm32f1xx.o
 .comment       0x00000043       0x44 ./Drivers/STM32F1xx_HAL_Driver/Src/stm32f1xx_hal.o
 .comment       0x00000043       0x44 ./Drivers/STM32F1xx_HAL_Driver/Src/stm32f1xx_hal_cortex.o
 .comment       0x00000043       0x44 ./Drivers/STM32F1xx_HAL_Driver/Src/stm32f1xx_hal_dma.o
 .comment       0x00000043       0x44 ./Drivers/STM32F1xx_HAL_Driver/Src/stm32f1xx_hal_gpio.o
 .comment       0x00000043       0x44 ./Drivers/STM32F1xx_HAL_Driver/Src/stm32f1xx_hal_rcc.o
 .comment       0x00000043       0x44 ./Drivers/STM32F1xx_HAL_Driver/Src/stm32f1xx_hal_uart.o
 .comment       0x00000043       0x44 ./platforms/hal/stm32_gpio.o
 .comment       0x00000043       0x44 ./platforms/hal/stm32_uart.o
 .comment       0x00000043       0x44 ./src/drivers/led/drv_led.o
 .comment       0x00000043       0x44 ./src/drivers/uart/drv_uart.o
 .comment       0x00000043       0x44 ./src/modules/uart_commander/uart_commander.o
 .comment       0x00000043       0x44 ./src/protocol/device_protocol/device_protocol.o
 .comment       0x00000043       0x44 ./src/system/app_main.o

.debug_frame    0x00000000     0x2438
 .debug_frame   0x00000000       0xe8 ./Core/Src/main.o
 .debug_frame   0x000000e8       0x7c ./Core/Src/stm32f1xx_hal_msp.o
 .debug_frame   0x00000164      0x130 ./Core/Src/stm32f1xx_it.o
 .debug_frame   0x00000294       0x34 ./Core/Src/sysmem.o
 .debug_frame   0x000002c8       0x50 ./Core/Src/system_stm32f1xx.o
 .debug_frame   0x00000318      0x2e4 ./Drivers/STM32F1xx_HAL_Driver/Src/stm32f1xx_hal.o
 .debug_frame   0x000005fc      0x3f0 ./Drivers/STM32F1xx_HAL_Driver/Src/stm32f1xx_hal_cortex.o
 .debug_frame   0x000009ec      0x1e8 ./Drivers/STM32F1xx_HAL_Driver/Src/stm32f1xx_hal_dma.o
 .debug_frame   0x00000bd4      0x130 ./Drivers/STM32F1xx_HAL_Driver/Src/stm32f1xx_hal_gpio.o
 .debug_frame   0x00000d04      0x1f8 ./Drivers/STM32F1xx_HAL_Driver/Src/stm32f1xx_hal_rcc.o
 .debug_frame   0x00000efc      0x8dc ./Drivers/STM32F1xx_HAL_Driver/Src/stm32f1xx_hal_uart.o
 .debug_frame   0x000017d8       0x7c ./platforms/hal/stm32_gpio.o
 .debug_frame   0x00001854       0x58 ./platforms/hal/stm32_uart.o
 .debug_frame   0x000018ac      0x1c4 ./src/drivers/led/drv_led.o
 .debug_frame   0x00001a70      0x110 ./src/drivers/uart/drv_uart.o
 .debug_frame   0x00001b80       0x90 ./src/modules/uart_commander/uart_commander.o
 .debug_frame   0x00001c10      0x130 ./src/protocol/device_protocol/device_protocol.o
 .debug_frame   0x00001d40      0x11c ./src/system/app_main.o
 .debug_frame   0x00001e5c      0x144 D:/STM32CubeIDE_2.1.1/STM32CubeIDE/plugins/com.st.stm32cube.ide.mcu.externaltools.gnu-tools-for-stm32.14.3.rel1.win32_1.0.100.202602081740/tools/bin/../lib/gcc/arm-none-eabi/14.3.1/../../../../arm-none-eabi/lib/thumb/v7-m/nofp\libc_nano.a(libc_a-findfp.o)
 .debug_frame   0x00001fa0       0x7c D:/STM32CubeIDE_2.1.1/STM32CubeIDE/plugins/com.st.stm32cube.ide.mcu.externaltools.gnu-tools-for-stm32.14.3.rel1.win32_1.0.100.202602081740/tools/bin/../lib/gcc/arm-none-eabi/14.3.1/../../../../arm-none-eabi/lib/thumb/v7-m/nofp\libc_nano.a(libc_a-snprintf.o)
 .debug_frame   0x0000201c       0x20 D:/STM32CubeIDE_2.1.1/STM32CubeIDE/plugins/com.st.stm32cube.ide.mcu.externaltools.gnu-tools-for-stm32.14.3.rel1.win32_1.0.100.202602081740/tools/bin/../lib/gcc/arm-none-eabi/14.3.1/../../../../arm-none-eabi/lib/thumb/v7-m/nofp\libc_nano.a(libc_a-memset.o)
 .debug_frame   0x0000203c       0x38 D:/STM32CubeIDE_2.1.1/STM32CubeIDE/plugins/com.st.stm32cube.ide.mcu.externaltools.gnu-tools-for-stm32.14.3.rel1.win32_1.0.100.202602081740/tools/bin/../lib/gcc/arm-none-eabi/14.3.1/../../../../arm-none-eabi/lib/thumb/v7-m/nofp\libc_nano.a(libc_a-reent.o)
 .debug_frame   0x00002074       0x20 D:/STM32CubeIDE_2.1.1/STM32CubeIDE/plugins/com.st.stm32cube.ide.mcu.externaltools.gnu-tools-for-stm32.14.3.rel1.win32_1.0.100.202602081740/tools/bin/../lib/gcc/arm-none-eabi/14.3.1/../../../../arm-none-eabi/lib/thumb/v7-m/nofp\libc_nano.a(libc_a-errno.o)
 .debug_frame   0x00002094       0x2c D:/STM32CubeIDE_2.1.1/STM32CubeIDE/plugins/com.st.stm32cube.ide.mcu.externaltools.gnu-tools-for-stm32.14.3.rel1.win32_1.0.100.202602081740/tools/bin/../lib/gcc/arm-none-eabi/14.3.1/../../../../arm-none-eabi/lib/thumb/v7-m/nofp\libc_nano.a(libc_a-init.o)
 .debug_frame   0x000020c0       0xb0 D:/STM32CubeIDE_2.1.1/STM32CubeIDE/plugins/com.st.stm32cube.ide.mcu.externaltools.gnu-tools-for-stm32.14.3.rel1.win32_1.0.100.202602081740/tools/bin/../lib/gcc/arm-none-eabi/14.3.1/../../../../arm-none-eabi/lib/thumb/v7-m/nofp\libc_nano.a(libc_a-lock.o)
 .debug_frame   0x00002170       0x28 D:/STM32CubeIDE_2.1.1/STM32CubeIDE/plugins/com.st.stm32cube.ide.mcu.externaltools.gnu-tools-for-stm32.14.3.rel1.win32_1.0.100.202602081740/tools/bin/../lib/gcc/arm-none-eabi/14.3.1/../../../../arm-none-eabi/lib/thumb/v7-m/nofp\libc_nano.a(libc_a-memcpy-stub.o)
 .debug_frame   0x00002198       0x20 D:/STM32CubeIDE_2.1.1/STM32CubeIDE/plugins/com.st.stm32cube.ide.mcu.externaltools.gnu-tools-for-stm32.14.3.rel1.win32_1.0.100.202602081740/tools/bin/../lib/gcc/arm-none-eabi/14.3.1/../../../../arm-none-eabi/lib/thumb/v7-m/nofp\libc_nano.a(libc_a-strlen.o)
 .debug_frame   0x000021b8       0x38 D:/STM32CubeIDE_2.1.1/STM32CubeIDE/plugins/com.st.stm32cube.ide.mcu.externaltools.gnu-tools-for-stm32.14.3.rel1.win32_1.0.100.202602081740/tools/bin/../lib/gcc/arm-none-eabi/14.3.1/../../../../arm-none-eabi/lib/thumb/v7-m/nofp\libc_nano.a(libc_a-freer.o)
 .debug_frame   0x000021f0       0x50 D:/STM32CubeIDE_2.1.1/STM32CubeIDE/plugins/com.st.stm32cube.ide.mcu.externaltools.gnu-tools-for-stm32.14.3.rel1.win32_1.0.100.202602081740/tools/bin/../lib/gcc/arm-none-eabi/14.3.1/../../../../arm-none-eabi/lib/thumb/v7-m/nofp\libc_nano.a(libc_a-mallocr.o)
 .debug_frame   0x00002240       0x30 D:/STM32CubeIDE_2.1.1/STM32CubeIDE/plugins/com.st.stm32cube.ide.mcu.externaltools.gnu-tools-for-stm32.14.3.rel1.win32_1.0.100.202602081740/tools/bin/../lib/gcc/arm-none-eabi/14.3.1/../../../../arm-none-eabi/lib/thumb/v7-m/nofp\libc_nano.a(libc_a-mlock.o)
 .debug_frame   0x00002270       0x90 D:/STM32CubeIDE_2.1.1/STM32CubeIDE/plugins/com.st.stm32cube.ide.mcu.externaltools.gnu-tools-for-stm32.14.3.rel1.win32_1.0.100.202602081740/tools/bin/../lib/gcc/arm-none-eabi/14.3.1/../../../../arm-none-eabi/lib/thumb/v7-m/nofp\libc_nano.a(libc_a-nano-svfprintf.o)
 .debug_frame   0x00002300       0x60 D:/STM32CubeIDE_2.1.1/STM32CubeIDE/plugins/com.st.stm32cube.ide.mcu.externaltools.gnu-tools-for-stm32.14.3.rel1.win32_1.0.100.202602081740/tools/bin/../lib/gcc/arm-none-eabi/14.3.1/../../../../arm-none-eabi/lib/thumb/v7-m/nofp\libc_nano.a(libc_a-nano-vfprintf_i.o)
 .debug_frame   0x00002360       0x28 D:/STM32CubeIDE_2.1.1/STM32CubeIDE/plugins/com.st.stm32cube.ide.mcu.externaltools.gnu-tools-for-stm32.14.3.rel1.win32_1.0.100.202602081740/tools/bin/../lib/gcc/arm-none-eabi/14.3.1/../../../../arm-none-eabi/lib/thumb/v7-m/nofp\libc_nano.a(libc_a-memmove.o)
 .debug_frame   0x00002388       0x2c D:/STM32CubeIDE_2.1.1/STM32CubeIDE/plugins/com.st.stm32cube.ide.mcu.externaltools.gnu-tools-for-stm32.14.3.rel1.win32_1.0.100.202602081740/tools/bin/../lib/gcc/arm-none-eabi/14.3.1/../../../../arm-none-eabi/lib/thumb/v7-m/nofp\libc_nano.a(libc_a-sbrkr.o)
 .debug_frame   0x000023b4       0x28 D:/STM32CubeIDE_2.1.1/STM32CubeIDE/plugins/com.st.stm32cube.ide.mcu.externaltools.gnu-tools-for-stm32.14.3.rel1.win32_1.0.100.202602081740/tools/bin/../lib/gcc/arm-none-eabi/14.3.1/../../../../arm-none-eabi/lib/thumb/v7-m/nofp\libc_nano.a(libc_a-memchr-stub.o)
 .debug_frame   0x000023dc       0x3c D:/STM32CubeIDE_2.1.1/STM32CubeIDE/plugins/com.st.stm32cube.ide.mcu.externaltools.gnu-tools-for-stm32.14.3.rel1.win32_1.0.100.202602081740/tools/bin/../lib/gcc/arm-none-eabi/14.3.1/../../../../arm-none-eabi/lib/thumb/v7-m/nofp\libc_nano.a(libc_a-reallocr.o)
 .debug_frame   0x00002418       0x20 D:/STM32CubeIDE_2.1.1/STM32CubeIDE/plugins/com.st.stm32cube.ide.mcu.externaltools.gnu-tools-for-stm32.14.3.rel1.win32_1.0.100.202602081740/tools/bin/../lib/gcc/arm-none-eabi/14.3.1/../../../../arm-none-eabi/lib/thumb/v7-m/nofp\libc_nano.a(libc_a-msizer.o)

.debug_line_str
                0x00000000       0x5a
 .debug_line_str
                0x00000000       0x5a ./Core/Startup/startup_stm32f103c8tx.o
