../src/drivers/uart/drv_uart.c:12:26:drv_uart_send_raw	24	static
../src/drivers/uart/drv_uart.c:31:5:drv_uart_init	16	static
../src/drivers/uart/drv_uart.c:56:19:drv_uart_send	16	static
../src/drivers/uart/drv_uart.c:70:19:drv_uart_device_send_raw	16	static
../src/drivers/uart/drv_uart.c:79:6:drv_uart_start_receive_it	8	static
../src/drivers/uart/drv_uart.c:91:9:drv_uart_get_rx_byte	4	static
../src/drivers/uart/drv_uart.c:96:6:drv_uart_start_device_receive_it	8	static
../src/drivers/uart/drv_uart.c:108:9:drv_uart_get_device_rx_byte	4	static
